<?xml version="1.0" encoding="UTF-8"?>
<testsuites name="SP Tests" tests="155" failures="19" errors="0" time="221.075">
  <testsuite name="Валидация полей по схеме" errors="0" failures="0" skipped="0" timestamp="2021-06-05T06:17:27" time="75.695" tests="26">
    <testcase classname="Валидация полей по схеме createValidate при валидных данных возвращает пустой объект" name="Валидация полей по схеме createValidate при валидных данных возвращает пустой объект" time="0.005">
    </testcase>
    <testcase classname="Валидация полей по схеме createValidate если поле не валидно, выводит объект с текстом ошибки" name="Валидация полей по схеме createValidate если поле не валидно, выводит объект с текстом ошибки" time="0.001">
    </testcase>
    <testcase classname="Валидация полей по схеме createValidate если поле не обязательное и отсутствует, выводится пустой объект" name="Валидация полей по схеме createValidate если поле не обязательное и отсутствует, выводится пустой объект" time="0.002">
    </testcase>
    <testcase classname="Валидация полей по схеме isEmptyInputValue должен считать значения пустыми" name="Валидация полей по схеме isEmptyInputValue должен считать значения пустыми" time="0.003">
    </testcase>
    <testcase classname="Валидация полей по схеме isEmptyInputValue не должен считать значения пустыми" name="Валидация полей по схеме isEmptyInputValue не должен считать значения пустыми" time="0.004">
    </testcase>
    <testcase classname="Валидация полей по схеме createValidator должен выдать ошибку, если не передан validate и strictValidate" name="Валидация полей по схеме createValidator должен выдать ошибку, если не передан validate и strictValidate" time="0.032">
    </testcase>
    <testcase classname="Валидация полей по схеме createValidator должен вызвать функцию сообщения об ошибке" name="Валидация полей по схеме createValidator должен вызвать функцию сообщения об ошибке" time="0.008">
    </testcase>
    <testcase classname="Валидация полей по схеме createValidator должен заменить дефолтную функцию сообщения об ошибке" name="Валидация полей по схеме createValidator должен заменить дефолтную функцию сообщения об ошибке" time="0.002">
    </testcase>
    <testcase classname="Валидация полей по схеме createValidator должен вызвать strictValidate, если передан validate" name="Валидация полей по схеме createValidator должен вызвать strictValidate, если передан validate" time="0.002">
    </testcase>
    <testcase classname="Валидация полей по схеме createValidator не должен вызывать validate, если поле пустое" name="Валидация полей по схеме createValidator не должен вызывать validate, если поле пустое" time="0.001">
    </testcase>
    <testcase classname="Валидация полей по схеме createValidator должен вызывать strictValidate, даже если поле пустое" name="Валидация полей по схеме createValidator должен вызывать strictValidate, даже если поле пустое" time="0.003">
    </testcase>
    <testcase classname="Валидация полей по схеме validators required" name="Валидация полей по схеме validators required" time="0.002">
    </testcase>
    <testcase classname="Валидация полей по схеме validators pattern" name="Валидация полей по схеме validators pattern" time="0">
    </testcase>
    <testcase classname="Валидация полей по схеме validators min" name="Валидация полей по схеме validators min" time="0.002">
    </testcase>
    <testcase classname="Валидация полей по схеме validators max" name="Валидация полей по схеме validators max" time="0.001">
    </testcase>
    <testcase classname="Валидация полей по схеме validators minLength" name="Валидация полей по схеме validators minLength" time="0.001">
    </testcase>
    <testcase classname="Валидация полей по схеме validators maxLength" name="Валидация полей по схеме validators maxLength" time="0.001">
    </testcase>
    <testcase classname="Валидация полей по схеме validators isNumber" name="Валидация полей по схеме validators isNumber" time="0.001">
    </testcase>
    <testcase classname="Регулярные выражения для валидации проверка регулярного выражения для email на корректность" name="Регулярные выражения для валидации проверка регулярного выражения для email на корректность" time="0">
    </testcase>
    <testcase classname="Регулярные выражения для валидации проверка регулярного выражения для email с плюсом на корректность" name="Регулярные выражения для валидации проверка регулярного выражения для email с плюсом на корректность" time="0.001">
    </testcase>
    <testcase classname="Регулярные выражения для валидации проверка регулярного выражения для email с дефисоминусом на корректность" name="Регулярные выражения для валидации проверка регулярного выражения для email с дефисоминусом на корректность" time="0">
    </testcase>
    <testcase classname="Регулярные выражения для валидации проверить поле email - некоректное значение" name="Регулярные выражения для валидации проверить поле email - некоректное значение" time="0">
    </testcase>
    <testcase classname="Регулярные выражения для валидации проверить поле email - символ @" name="Регулярные выражения для валидации проверить поле email - символ @" time="0">
    </testcase>
    <testcase classname="Регулярные выражения для валидации проверить поле email - отсутствует домен верхнего уровня" name="Регулярные выражения для валидации проверить поле email - отсутствует домен верхнего уровня" time="0.001">
    </testcase>
    <testcase classname="Регулярные выражения для валидации проверить поле email - корректное значение, проверка субдомена" name="Регулярные выражения для валидации проверить поле email - корректное значение, проверка субдомена" time="0.002">
    </testcase>
    <testcase classname="Регулярные выражения для валидации проверить поле email - отсутствует домен верхнего уровня" name="Регулярные выражения для валидации проверить поле email - отсутствует домен верхнего уровня" time="0">
    </testcase>
  </testsuite>
  <testsuite name="getDescription" errors="0" failures="0" skipped="0" timestamp="2021-06-05T06:17:27" time="128.77" tests="8">
    <testcase classname="getDescription возвращает описание" name="getDescription возвращает описание" time="0.015">
    </testcase>
    <testcase classname="getDescription возвращает полное имя региона, если такое существует" name="getDescription возвращает полное имя региона, если такое существует" time="0.002">
    </testcase>
    <testcase classname="getDescription возвращает undefined, если список пустой" name="getDescription возвращает undefined, если список пустой" time="0.002">
    </testcase>
    <testcase classname="getDescription возвращает undefined, если нет региона или страны" name="getDescription возвращает undefined, если нет региона или страны" time="0.002">
    </testcase>
    <testcase classname="Banner рендерит без ошибок" name="Banner рендерит без ошибок" time="0.097">
    </testcase>
    <testcase classname="Banner отображает название" name="Banner отображает название" time="0.054">
    </testcase>
    <testcase classname="Banner отображает регион" name="Banner отображает регион" time="0.018">
    </testcase>
    <testcase classname="Banner не отображает название и регион, если их нет" name="Banner не отображает название и регион, если их нет" time="0.013">
    </testcase>
  </testsuite>
  <testsuite name="ProjectsFilter" errors="0" failures="0" skipped="0" timestamp="2021-06-05T06:17:27" time="129.147" tests="3">
    <testcase classname="ProjectsFilter рендерится без ошибок" name="ProjectsFilter рендерится без ошибок" time="0.357">
    </testcase>
    <testcase classname="ProjectsFilter срабатывает onInputSearch" name="ProjectsFilter срабатывает onInputSearch" time="0.172">
    </testcase>
    <testcase classname="ProjectsFilter срабатывает onChangeFilter" name="ProjectsFilter срабатывает onChangeFilter" time="0.094">
    </testcase>
  </testsuite>
  <testsuite name="EditedAt" errors="0" failures="0" skipped="0" timestamp="2021-06-05T06:17:27" time="129.307" tests="5">
    <testcase classname="EditedAt рендерится без ошибок" name="EditedAt рендерится без ошибок" time="0.307">
    </testcase>
    <testcase classname="EditedAt рендерится кнопка «меню»" name="EditedAt рендерится кнопка «меню»" time="0.084">
    </testcase>
    <testcase classname="EditedAt рендерится всплывающий блок" name="EditedAt рендерится всплывающий блок" time="0.136">
    </testcase>
    <testcase classname="EditedAt всплывающий блок закрывается при клике на пункт меню" name="EditedAt всплывающий блок закрывается при клике на пункт меню" time="0.088">
    </testcase>
    <testcase classname="EditedAt всплывающий блок закрывается при клике вне меню" name="EditedAt всплывающий блок закрывается при клике вне меню" time="0.158">
    </testcase>
  </testsuite>
  <testsuite name="Footer" errors="0" failures="0" skipped="0" timestamp="2021-06-05T06:17:27" time="130.025" tests="10">
    <testcase classname="Footer рендерит без ошибок" name="Footer рендерит без ошибок" time="0.121">
    </testcase>
    <testcase classname="Footer моды показывает футер для создания проекта" name="Footer моды показывает футер для создания проекта" time="0.295">
    </testcase>
    <testcase classname="Footer моды показывает футер для редактирования проекта" name="Footer моды показывает футер для редактирования проекта" time="0.119">
    </testcase>
    <testcase classname="Footer моды не показывает футер для редактирования проекта, если isVisibleEdit=false" name="Footer моды не показывает футер для редактирования проекта, если isVisibleEdit=false" time="0.007">
    </testcase>
    <testcase classname="Footer создание проекта шаги увеличивает шаг " name="Footer создание проекта шаги увеличивает шаг " time="0.19">
    </testcase>
    <testcase classname="Footer создание проекта шаги уменьшает шаг " name="Footer создание проекта шаги уменьшает шаг " time="0.156">
    </testcase>
    <testcase classname="Footer создание проекта шаги показывает кнопку создания проекта, если шаг последний" name="Footer создание проекта шаги показывает кнопку создания проекта, если шаг последний" time="0.13">
    </testcase>
    <testcase classname="Footer создание проекта вызывает обработчик onCancel" name="Footer создание проекта вызывает обработчик onCancel" time="0.145">
    </testcase>
    <testcase classname="Footer создание проекта вызывает обработчик onCreate" name="Footer создание проекта вызывает обработчик onCreate" time="0.16">
    </testcase>
    <testcase classname="Footer редактирование проекта вызывает обработчик onCancel" name="Footer редактирование проекта вызывает обработчик onCancel" time="0.116">
    </testcase>
  </testsuite>
  <testsuite name="ProjectsTable" errors="0" failures="0" skipped="0" timestamp="2021-06-05T06:17:27" time="130.705" tests="10">
    <testcase classname="ProjectsTable рендерится без ошибок" name="ProjectsTable рендерится без ошибок" time="0.246">
    </testcase>
    <testcase classname="ProjectsTable рендерится placeholder по умолчанию" name="ProjectsTable рендерится placeholder по умолчанию" time="0.126">
    </testcase>
    <testcase classname="ProjectsTable рендерится строка placeholder" name="ProjectsTable рендерится строка placeholder" time="0.122">
    </testcase>
    <testcase classname="ProjectsTable рендерится компонент placeholder" name="ProjectsTable рендерится компонент placeholder" time="0.159">
    </testcase>
    <testcase classname="ProjectsTable рендерится строка с данными" name="ProjectsTable рендерится строка с данными" time="0.164">
    </testcase>
    <testcase classname="ProjectsTable добавляется аттрибут title для названия строки" name="ProjectsTable добавляется аттрибут title для названия строки" time="0.144">
    </testcase>
    <testcase classname="ProjectsTable рендерится описание проекта" name="ProjectsTable рендерится описание проекта" time="0.15">
    </testcase>
    <testcase classname="ProjectsTable вызывается onFavorite" name="ProjectsTable вызывается onFavorite" time="0.215">
    </testcase>
    <testcase classname="ProjectsTable не затемняет всю таблицу, если активный элемент был удалён" name="ProjectsTable не затемняет всю таблицу, если активный элемент был удалён" time="0.309">
    </testcase>
    <testcase classname="ProjectsTable при открытом меню, строка становится активной" name="ProjectsTable при открытом меню, строка становится активной" time="0.315">
    </testcase>
  </testsuite>
  <testsuite name="ProjectsPageView" errors="0" failures="7" skipped="0" timestamp="2021-06-05T06:17:27" time="132.703" tests="7">
    <testcase classname="ProjectsPageView рендерится без ошибок" name="ProjectsPageView рендерится без ошибок" time="1.743">
      <failure>TypeError: Only absolute URLs are supported
    at getNodeRequestOptions (C:\Lanit\vega-sp\node_modules\node-fetch\lib\index.js:1505:11)
    at C:\Lanit\vega-sp\node_modules\node-fetch\lib\index.js:1610:19
    at new Promise (&lt;anonymous&gt;)
    at fetch (C:\Lanit\vega-sp\node_modules\node-fetch\lib\index.js:1607:10)
    at fetch (C:\Lanit\vega-sp\node_modules\cross-fetch\dist\node-ponyfill.js:14:20)
    at create (C:\Lanit\vega-sp\src\pages\projects\ProjectsPageView.tsx:71:5)
    at commitHookEffectListMount (C:\Lanit\vega-sp\node_modules\react-dom\cjs\react-dom.development.js:19731:26)
    at apply (C:\Lanit\vega-sp\node_modules\react-dom\cjs\react-dom.development.js:19769:11)
    at HTMLUnknownElement.callCallback (C:\Lanit\vega-sp\node_modules\react-dom\cjs\react-dom.development.js:188:14)
    at innerInvokeEventListeners (C:\Lanit\vega-sp\node_modules\jsdom\lib\jsdom\living\events\EventTarget-impl.js:330:27)
    at invokeEventListeners (C:\Lanit\vega-sp\node_modules\jsdom\lib\jsdom\living\events\EventTarget-impl.js:281:3)
    at HTMLUnknownElementImpl._dispatch (C:\Lanit\vega-sp\node_modules\jsdom\lib\jsdom\living\events\EventTarget-impl.js:228:9)
    at HTMLUnknownElementImpl.dispatchEvent (C:\Lanit\vega-sp\node_modules\jsdom\lib\jsdom\living\events\EventTarget-impl.js:101:17)
    at HTMLUnknownElement.dispatchEvent (C:\Lanit\vega-sp\node_modules\jsdom\lib\jsdom\living\generated\EventTarget.js:207:34)
    at Object.apply (C:\Lanit\vega-sp\node_modules\react-dom\cjs\react-dom.development.js:237:16)
    at invokeGuardedCallback (C:\Lanit\vega-sp\node_modules\react-dom\cjs\react-dom.development.js:292:31)
    at flushPassiveEffectsImpl (C:\Lanit\vega-sp\node_modules\react-dom\cjs\react-dom.development.js:22853:9)
    at Scheduler_runWithPriority (C:\Lanit\vega-sp\node_modules\scheduler\cjs\scheduler.development.js:663:16)
    at runWithPriority$1 (C:\Lanit\vega-sp\node_modules\react-dom\cjs\react-dom.development.js:11039:10)
    at flushPassiveEffects (C:\Lanit\vega-sp\node_modules\react-dom\cjs\react-dom.development.js:22820:12)
    at callback (C:\Lanit\vega-sp\node_modules\react-dom\cjs\react-dom.development.js:21737:3)
    at C:\Lanit\vega-sp\node_modules\react-dom\cjs\react-dom.development.js:11089:24
    at Scheduler_runWithPriority (C:\Lanit\vega-sp\node_modules\scheduler\cjs\scheduler.development.js:663:16)
    at runWithPriority$1 (C:\Lanit\vega-sp\node_modules\react-dom\cjs\react-dom.development.js:11039:10)
    at flushSyncCallbackQueueImpl (C:\Lanit\vega-sp\node_modules\react-dom\cjs\react-dom.development.js:11084:7)
    at flushSyncCallbackQueue (C:\Lanit\vega-sp\node_modules\react-dom\cjs\react-dom.development.js:11072:3)
    at batchedUpdates (C:\Lanit\vega-sp\node_modules\react-dom\cjs\react-dom.development.js:21862:7)
    at act (C:\Lanit\vega-sp\node_modules\react-dom\cjs\react-dom-test-utils.development.js:929:14)
    at render (C:\Lanit\vega-sp\node_modules\@testing-library\react\dist\pure.js:96:3)
    at render (C:\Lanit\vega-sp\src\testing\react-testing-library.tsx:94:8)
    at renderComponent (C:\Lanit\vega-sp\src\pages\projects\ProjectsPageView.test.tsx:45:10)
    at Object.&lt;anonymous&gt; (C:\Lanit\vega-sp\src\pages\projects\ProjectsPageView.test.tsx:62:23)
    at Object.asyncJestTest (C:\Lanit\vega-sp\node_modules\jest-jasmine2\build\jasmineAsyncInstall.js:100:37)
    at C:\Lanit\vega-sp\node_modules\jest-jasmine2\build\queueRunner.js:47:12
    at new Promise (&lt;anonymous&gt;)
    at mapper (C:\Lanit\vega-sp\node_modules\jest-jasmine2\build\queueRunner.js:30:19)
    at C:\Lanit\vega-sp\node_modules\jest-jasmine2\build\queueRunner.js:77:41
    at processTicksAndRejections (internal/process/task_queues.js:97:5)</failure>
    </testcase>
    <testcase classname="ProjectsPageView отображается индикатор загрузки" name="ProjectsPageView отображается индикатор загрузки" time="0.218">
      <failure>Error: expect(element).not.toBeInTheDocument()

expected document not to contain element, found &lt;div class=&quot;VegaProjectsPage__Table&quot; data-testid=&quot;ProjectsPage:table&quot;&gt;&lt;div class=&quot;Table Table_size_l Table_zebraStriped_odd&quot; style=&quot;grid-template-columns: 260px 260px 260px 200px 260px 216px; --table-width: 0px;&quot;&gt;&lt;div class=&quot;TableCell TableCell_isResized TableCell_isSortable TableCell_isResizer TableCell_stickyOnTop TableCell_withoutBorder&quot; role=&quot;cell&quot;&gt;&lt;div class=&quot;TableCell-Wrapper TableCell-Wrapper_withoutPadding&quot; /&gt;&lt;/div&gt;&lt;div class=&quot;TableCell TableCell_isResized TableCell_isSortable TableCell_isResizer TableCell_stickyOnTop TableCell_withoutBorder&quot; role=&quot;cell&quot;&gt;&lt;div class=&quot;TableCell-Wrapper TableCell-Wrapper_withoutPadding&quot; /&gt;&lt;/div&gt;&lt;div class=&quot;TableCell TableCell_isResized TableCell_isSortable TableCell_isResizer TableCell_stickyOnTop TableCell_withoutBorder&quot; role=&quot;cell&quot;&gt;&lt;div class=&quot;TableCell-Wrapper TableCell-Wrapper_withoutPadding&quot; /&gt;&lt;/div&gt;&lt;div class=&quot;TableCell TableCell_isResized TableCell_isSortable TableCell_isResizer TableCell_stickyOnTop TableCell_withoutBorder&quot; role=&quot;cell&quot;&gt;&lt;div class=&quot;TableCell-Wrapper TableCell-Wrapper_withoutPadding&quot; /&gt;&lt;/div&gt;&lt;div class=&quot;TableCell TableCell_isResized TableCell_isSortable TableCell_isResizer TableCell_stickyOnTop TableCell_withoutBorder&quot; role=&quot;cell&quot;&gt;&lt;div class=&quot;TableCell-Wrapper TableCell-Wrapper_withoutPadding&quot; /&gt;&lt;/div&gt;&lt;div class=&quot;TableCell TableCell_isResized TableCell_isSortable TableCell_isResizer TableCell_stickyOnTop TableCell_withoutBorder&quot; role=&quot;cell&quot;&gt;&lt;div class=&quot;TableCell-Wrapper TableCell-Wrapper_withoutPadding&quot; /&gt;&lt;/div&gt;&lt;div class=&quot;TableHeader-Row&quot;&gt;&lt;div class=&quot;TableCell TableCell_isResized TableCell_isSortable TableCell_isHeader TableHeader-Cell TableHeader-Cell_isFirstColumn TableHeader-Cell_isFirstRow TableHeader-Cell_isLastInColumn TableHeader-Cell_level_default&quot; role=&quot;cell&quot; style=&quot;grid-row-end: span 1;&quot;&gt;&lt;div class=&quot;TableCell-Wrapper TableCell-Wrapper_verticalAlign_center&quot;&gt;&lt;div class=&quot;ProjectsTable__columnName&quot;&gt;&lt;div class=&quot;ProjectsTable__iconWrap&quot;&gt;&lt;span class=&quot;Icon Icon_size_s Icon_view_ghost IconBookmarkStroked ProjectsTable__iconFavorite&quot;&gt;&lt;svg class=&quot;Icon-Svg&quot; viewBox=&quot;0 0 16 16&quot;&gt;&lt;path clip-rule=&quot;evenodd&quot; d=&quot;M3 2.5C3 1.67 3.674 1 4.501 1H11.5c.826 0 1.5.67 1.5 1.5V15l-5-2.5L3 15V2.5zM5 3v8.782l3-1.518 3 1.518V3H5z&quot; fill-rule=&quot;evenodd&quot; /&gt;&lt;/svg&gt;&lt;/span&gt;&lt;/div&gt;Название&lt;/div&gt;&lt;div class=&quot;TableHeader-Buttons TableHeader-Buttons_verticalAlign_center&quot;&gt;&lt;button class=&quot;Button Button_size_xs Button_view_clear Button_width_default Button_form_default Button_withIcon Button_onlyIcon MixFocus TableHeader-Icon TableHeader-Icon_type_sort&quot;&gt;&lt;span class=&quot;Icon Icon_size_s IconUnsort Button-Icon&quot;&gt;&lt;svg class=&quot;Icon-Svg&quot; viewBox=&quot;0 0 16 16&quot;&gt;&lt;path d=&quot;M2 3h12v2H2V3zm0 8h8v2H2v-2zm4-4H2v2h4V7z&quot; /&gt;&lt;/svg&gt;&lt;/span&gt;&lt;/button&gt;&lt;/div&gt;&lt;/div&gt;&lt;/div&gt;&lt;div class=&quot;TableCell TableCell_isResized TableCell_isSortable TableCell_isHeader TableHeader-Cell TableHeader-Cell_isFirstRow TableHeader-Cell_isLastInColumn TableHeader-Cell_level_default&quot; role=&quot;cell&quot; style=&quot;grid-row-end: span 1;&quot;&gt;&lt;div class=&quot;TableCell-Wrapper TableCell-Wrapper_verticalAlign_center&quot;&gt;Описание&lt;div class=&quot;TableHeader-Buttons TableHeader-Buttons_verticalAlign_center&quot;&gt;&lt;button class=&quot;Button Button_size_xs Button_view_clear Button_width_default Button_form_default Button_withIcon Button_onlyIcon MixFocus TableHeader-Icon TableHeader-Icon_type_sort&quot;&gt;&lt;span class=&quot;Icon Icon_size_s IconUnsort Button-Icon&quot;&gt;&lt;svg class=&quot;Icon-Svg&quot; viewBox=&quot;0 0 16 16&quot;&gt;&lt;path d=&quot;M2 3h12v2H2V3zm0 8h8v2H2v-2zm4-4H2v2h4V7z&quot; /&gt;&lt;/svg&gt;&lt;/span&gt;&lt;/button&gt;&lt;/div&gt;&lt;/div&gt;&lt;/div&gt;&lt;div class=&quot;TableCell TableCell_isResized TableCell_isSortable TableCell_isHeader TableHeader-Cell TableHeader-Cell_isFirstRow TableHeader-Cell_isLastInColumn TableHeader-Cell_level_default&quot; role=&quot;cell&quot; style=&quot;grid-row-end: span 1;&quot;&gt;&lt;div class=&quot;TableCell-Wrapper TableCell-Wrapper_verticalAlign_center&quot;&gt;Регион&lt;div class=&quot;TableHeader-Buttons TableHeader-Buttons_verticalAlign_center&quot;&gt;&lt;button class=&quot;Button Button_size_xs Button_view_clear Button_width_default Button_form_default Button_withIcon Button_onlyIcon MixFocus TableHeader-Icon TableHeader-Icon_type_sort&quot;&gt;&lt;span class=&quot;Icon Icon_size_s IconUnsort Button-Icon&quot;&gt;&lt;svg class=&quot;Icon-Svg&quot; viewBox=&quot;0 0 16 16&quot;&gt;&lt;path d=&quot;M2 3h12v2H2V3zm0 8h8v2H2v-2zm4-4H2v2h4V7z&quot; /&gt;&lt;/svg&gt;&lt;/span&gt;&lt;/button&gt;&lt;/div&gt;&lt;/div&gt;&lt;/div&gt;&lt;div class=&quot;TableCell TableCell_isResized TableCell_isSortable TableCell_isHeader TableHeader-Cell TableHeader-Cell_isFirstRow TableHeader-Cell_isLastInColumn TableHeader-Cell_level_default&quot; role=&quot;cell&quot; style=&quot;grid-row-end: span 1;&quot;&gt;&lt;div class=&quot;TableCell-Wrapper TableCell-Wrapper_verticalAlign_center&quot;&gt;Создан&lt;div class=&quot;TableHeader-Buttons TableHeader-Buttons_verticalAlign_center&quot;&gt;&lt;button class=&quot;Button Button_size_xs Button_view_clear Button_width_default Button_form_default Button_withIcon Button_onlyIcon MixFocus TableHeader-Icon TableHeader-Icon_type_sort&quot;&gt;&lt;span class=&quot;Icon Icon_size_s IconUnsort Button-Icon&quot;&gt;&lt;svg class=&quot;Icon-Svg&quot; viewBox=&quot;0 0 16 16&quot;&gt;&lt;path d=&quot;M2 3h12v2H2V3zm0 8h8v2H2v-2zm4-4H2v2h4V7z&quot; /&gt;&lt;/svg&gt;&lt;/span&gt;&lt;/button&gt;&lt;/div&gt;&lt;/div&gt;&lt;/div&gt;&lt;div class=&quot;TableCell TableCell_isResized TableCell_isSortable TableCell_isHeader TableHeader-Cell TableHeader-Cell_isFirstRow TableHeader-Cell_isLastInColumn TableHeader-Cell_level_default&quot; role=&quot;cell&quot; style=&quot;grid-row-end: span 1;&quot;&gt;&lt;div class=&quot;TableCell-Wrapper TableCell-Wrapper_verticalAlign_center&quot;&gt;Автор&lt;div class=&quot;TableHeader-Buttons TableHeader-Buttons_verticalAlign_center&quot;&gt;&lt;button class=&quot;Button Button_size_xs Button_view_clear Button_width_default Button_form_default Button_withIcon Button_onlyIcon MixFocus TableHeader-Icon TableHeader-Icon_type_sort&quot;&gt;&lt;span class=&quot;Icon Icon_size_s IconUnsort Button-Icon&quot;&gt;&lt;svg class=&quot;Icon-Svg&quot; viewBox=&quot;0 0 16 16&quot;&gt;&lt;path d=&quot;M2 3h12v2H2V3zm0 8h8v2H2v-2zm4-4H2v2h4V7z&quot; /&gt;&lt;/svg&gt;&lt;/span&gt;&lt;/button&gt;&lt;/div&gt;&lt;/div&gt;&lt;/div&gt;&lt;div class=&quot;TableCell TableCell_isResized TableCell_isSortable TableCell_isHeader TableHeader-Cell TableHeader-Cell_isFirstRow TableHeader-Cell_isLastInColumn TableHeader-Cell_level_default&quot; role=&quot;cell&quot; style=&quot;grid-row-end: span 1;&quot;&gt;&lt;div class=&quot;TableCell-Wrapper TableCell-Wrapper_verticalAlign_center&quot;&gt;Изменён&lt;div class=&quot;TableHeader-Buttons TableHeader-Buttons_verticalAlign_center&quot;&gt;&lt;button class=&quot;Button Button_size_xs Button_view_clear Button_width_default Button_form_default Button_withIcon Button_onlyIcon MixFocus TableHeader-Icon TableHeader-Icon_type_sort&quot;&gt;&lt;span class=&quot;Icon Icon_size_s IconUnsort Button-Icon&quot;&gt;&lt;svg class=&quot;Icon-Svg&quot; viewBox=&quot;0 0 16 16&quot;&gt;&lt;path d=&quot;M2 3h12v2H2V3zm0 8h8v2H2v-2zm4-4H2v2h4V7z&quot; /&gt;&lt;/svg&gt;&lt;/span&gt;&lt;/button&gt;&lt;/div&gt;&lt;/div&gt;&lt;/div&gt;&lt;/div&gt;&lt;div class=&quot;TableHeader-ShadowWrapper&quot; style=&quot;--table-header-height: 0px;&quot;&gt;&lt;div class=&quot;TableHeader-Shadow&quot; /&gt;&lt;/div&gt;&lt;div class=&quot;Table-CellsRow Table-CellsRow_nth_odd&quot;&gt;&lt;div class=&quot;TableCell TableCell_isResized TableCell_isSortable TableCell_isClickable&quot; role=&quot;button&quot;&gt;&lt;div class=&quot;TableCell-Wrapper TableCell-Wrapper_verticalAlign_center Table-ContentCell&quot;&gt;&lt;div class=&quot;ProjectsTable__nameWrap&quot;&gt;&lt;div class=&quot;ProjectsTable__iconWrap&quot;&gt;&lt;button class=&quot;Button Button_size_xs Button_view_clear Button_width_default Button_form_round Button_withIcon Button_onlyIcon MixFocus ProjectsTable__favorite &quot; data-testid=&quot;ProjectsPage:button:favoriteNotSelectedButton&quot; title=&quot;Избранное&quot;&gt;&lt;span class=&quot;Icon Icon_size_s IconBookmarkStroked Button-Icon&quot;&gt;&lt;svg class=&quot;Icon-Svg&quot; viewBox=&quot;0 0 16 16&quot;&gt;&lt;path … /&gt;&lt;/svg&gt;&lt;/span&gt;&lt;/button&gt;&lt;/div&gt;&lt;div class=&quot;ProjectsTable__textOverflow&quot; data-testid=&quot;ProjectsPage:cell:name&quot;&gt;name 1&lt;/div&gt;&lt;/div&gt;&lt;/div&gt;&lt;/div&gt;&lt;div class=&quot;TableCell TableCell_isResized TableCell_isSortable TableCell_isClickable&quot; role=&quot;button&quot;&gt;&lt;div class=&quot;TableCell-Wrapper TableCell-Wrapper_verticalAlign_center Table-ContentCell&quot;&gt;&lt;div class=&quot;ProjectsTable__textOverflow&quot; /&gt;&lt;/div&gt;&lt;/div&gt;&lt;div class=&quot;TableCell TableCell_isResized TableCell_isSortable TableCell_isClickable&quot; role=&quot;button&quot;&gt;&lt;div class=&quot;TableCell-Wrapper TableCell-Wrapper_verticalAlign_center Table-ContentCell&quot; /&gt;&lt;/div&gt;&lt;div class=&quot;TableCell TableCell_isResized TableCell_isSortable TableCell_isClickable&quot; role=&quot;button&quot;&gt;&lt;div class=&quot;TableCell-Wrapper TableCell-Wrapper_verticalAlign_center Table-ContentCell&quot; /&gt;&lt;/div&gt;&lt;div class=&quot;TableCell TableCell_isResized TableCell_isSortable TableCell_isClickable&quot; role=&quot;button&quot;&gt;&lt;div class=&quot;TableCell-Wrapper TableCell-Wrapper_verticalAlign_center Table-ContentCell&quot; /&gt;&lt;/div&gt;&lt;div class=&quot;TableCell TableCell_isResized TableCell_isSortable TableCell_isClickable&quot; role=&quot;button&quot;&gt;&lt;div class=&quot;TableCell-Wrapper TableCell-Wrapper_verticalAlign_center Table-ContentCell&quot;&gt;&lt;div class=&quot;ProjectsTable-EditedAt__root&quot;&gt;&lt;div class=&quot;Text Text_size_s Text_view_primary ProjectsTable-EditedAt__editedTime&quot; data-testid=&quot;ProjectsPage:text:edited&quot; /&gt;&lt;div class=&quot;ProjectsTable-EditedAt__menu&quot;&gt;&lt;div class=&quot;ProjectsTable-EditedAt__iconWrap&quot;&gt;&lt;button class=&quot;Button Button_size_xs Button_view_clear Button_width_default Button_form_default Button_withIcon Button_onlyIcon MixFocus ProjectsTable-EditedAt__iconButton&quot; data-testid=&quot;ProjectsPage:button:menu.trigger&quot; title=&quot;Меню&quot;&gt;&lt;span class=&quot;Icon Icon_size_s IconKebab Button-Icon&quot;&gt;&lt;svg … /&gt;&lt;/span&gt;&lt;/button&gt;&lt;/div&gt;&lt;/div&gt;&lt;/div&gt;&lt;/div&gt;&lt;/div&gt;&lt;/div&gt;&lt;/div&gt;&lt;div class=&quot;VegaProjectsPage__LoadMore&quot;&gt;&lt;button class=&quot;Button Button_size_l Button_view_ghost Button_width_full Button_form_default MixFocus&quot;&gt;Загрузить ещё&lt;/button&gt;&lt;/div&gt;&lt;/div&gt; instead
    at Object.&lt;anonymous&gt; (C:\Lanit\vega-sp\src\pages\projects\ProjectsPageView.test.tsx:71:72)
    at Object.asyncJestTest (C:\Lanit\vega-sp\node_modules\jest-jasmine2\build\jasmineAsyncInstall.js:100:37)
    at C:\Lanit\vega-sp\node_modules\jest-jasmine2\build\queueRunner.js:47:12
    at new Promise (&lt;anonymous&gt;)
    at mapper (C:\Lanit\vega-sp\node_modules\jest-jasmine2\build\queueRunner.js:30:19)
    at C:\Lanit\vega-sp\node_modules\jest-jasmine2\build\queueRunner.js:77:41
    at processTicksAndRejections (internal/process/task_queues.js:97:5)</failure>
      <failure>TypeError: Only absolute URLs are supported
    at getNodeRequestOptions (C:\Lanit\vega-sp\node_modules\node-fetch\lib\index.js:1505:11)
    at C:\Lanit\vega-sp\node_modules\node-fetch\lib\index.js:1610:19
    at new Promise (&lt;anonymous&gt;)
    at fetch (C:\Lanit\vega-sp\node_modules\node-fetch\lib\index.js:1607:10)
    at fetch (C:\Lanit\vega-sp\node_modules\cross-fetch\dist\node-ponyfill.js:14:20)
    at create (C:\Lanit\vega-sp\src\pages\projects\ProjectsPageView.tsx:71:5)
    at commitHookEffectListMount (C:\Lanit\vega-sp\node_modules\react-dom\cjs\react-dom.development.js:19731:26)
    at apply (C:\Lanit\vega-sp\node_modules\react-dom\cjs\react-dom.development.js:19769:11)
    at HTMLUnknownElement.callCallback (C:\Lanit\vega-sp\node_modules\react-dom\cjs\react-dom.development.js:188:14)
    at innerInvokeEventListeners (C:\Lanit\vega-sp\node_modules\jsdom\lib\jsdom\living\events\EventTarget-impl.js:330:27)
    at invokeEventListeners (C:\Lanit\vega-sp\node_modules\jsdom\lib\jsdom\living\events\EventTarget-impl.js:281:3)
    at HTMLUnknownElementImpl._dispatch (C:\Lanit\vega-sp\node_modules\jsdom\lib\jsdom\living\events\EventTarget-impl.js:228:9)
    at HTMLUnknownElementImpl.dispatchEvent (C:\Lanit\vega-sp\node_modules\jsdom\lib\jsdom\living\events\EventTarget-impl.js:101:17)
    at HTMLUnknownElement.dispatchEvent (C:\Lanit\vega-sp\node_modules\jsdom\lib\jsdom\living\generated\EventTarget.js:207:34)
    at Object.apply (C:\Lanit\vega-sp\node_modules\react-dom\cjs\react-dom.development.js:237:16)
    at invokeGuardedCallback (C:\Lanit\vega-sp\node_modules\react-dom\cjs\react-dom.development.js:292:31)
    at flushPassiveEffectsImpl (C:\Lanit\vega-sp\node_modules\react-dom\cjs\react-dom.development.js:22853:9)
    at Scheduler_runWithPriority (C:\Lanit\vega-sp\node_modules\scheduler\cjs\scheduler.development.js:663:16)
    at runWithPriority$1 (C:\Lanit\vega-sp\node_modules\react-dom\cjs\react-dom.development.js:11039:10)
    at flushPassiveEffects (C:\Lanit\vega-sp\node_modules\react-dom\cjs\react-dom.development.js:22820:12)
    at flushWork (C:\Lanit\vega-sp\node_modules\react-dom\cjs\react-dom-test-utils.development.js:876:10)
    at act (C:\Lanit\vega-sp\node_modules\react-dom\cjs\react-dom-test-utils.development.js:994:9)
    at render (C:\Lanit\vega-sp\node_modules\@testing-library\react\dist\pure.js:96:3)
    at render (C:\Lanit\vega-sp\src\testing\react-testing-library.tsx:94:8)
    at renderComponent (C:\Lanit\vega-sp\src\pages\projects\ProjectsPageView.test.tsx:45:10)
    at Object.&lt;anonymous&gt; (C:\Lanit\vega-sp\src\pages\projects\ProjectsPageView.test.tsx:67:23)
    at Object.asyncJestTest (C:\Lanit\vega-sp\node_modules\jest-jasmine2\build\jasmineAsyncInstall.js:100:37)
    at C:\Lanit\vega-sp\node_modules\jest-jasmine2\build\queueRunner.js:47:12
    at new Promise (&lt;anonymous&gt;)
    at mapper (C:\Lanit\vega-sp\node_modules\jest-jasmine2\build\queueRunner.js:30:19)
    at C:\Lanit\vega-sp\node_modules\jest-jasmine2\build\queueRunner.js:77:41
    at processTicksAndRejections (internal/process/task_queues.js:97:5)</failure>
    </testcase>
    <testcase classname="ProjectsPageView срабатывает функция для добавления в избранное" name="ProjectsPageView срабатывает функция для добавления в избранное" time="0.359">
      <failure>TestingLibraryElementError: Found multiple elements with the text: name 1

(If this is intentional, then use the `*AllBy*` variant of the query (like `queryAllByText`, `getAllByText`, or `findAllByText`)).

&lt;body&gt;
  &lt;div&gt;
    &lt;div
      class=&quot;VegaProjectsPage&quot;
      data-testid=&quot;ProjectsPage:root&quot;
    &gt;
      &lt;div
        class=&quot;VegaProjectsPage__Container&quot;
      &gt;
        &lt;div
          class=&quot;VegaProjectsPage__Header&quot;
        &gt;
          &lt;div
            class=&quot;VegaProjectsPage__Heading&quot;
          &gt;
            &lt;h1
              class=&quot;Text Text_size_3xl Text_view_primary Text_weight_bold VegaProjectsPage__Title&quot;
              data-testid=&quot;ProjectsPage:root:title&quot;
            &gt;
              Проекты
            &lt;/h1&gt;
            &lt;span
              class=&quot;Text Text_size_s Text_view_secondary VegaProjectsPage__SearchResult&quot;
            &gt;
              20
               из 
              100
            &lt;/span&gt;
          &lt;/div&gt;
          &lt;div
            class=&quot;VegaProjectsPage__RightBlock&quot;
          &gt;
            &lt;div
              class=&quot;VegaProjectsPage__LinkBlock&quot;
            &gt;
              &lt;a
                data-testid=&quot;ProjectsPage:link:create&quot;
                href=&quot;/projects/create&quot;
              &gt;
                &lt;button
                  class=&quot;Button Button_size_s Button_view_primary Button_width_default Button_form_default MixFocus&quot;
                &gt;
                  Создать новый проект
                &lt;/button&gt;
              &lt;/a&gt;
            &lt;/div&gt;
            &lt;div
              class=&quot;VegaProjectsPage__TextFieldBlock&quot;
            &gt;
              &lt;div
                class=&quot;TextField TextField_size_s TextField_view_default TextField_form_default TextField_width_default TextField_type_input&quot;
              &gt;
                &lt;div
                  class=&quot;TextField-Side TextField-Side_position_left TextField-Side_type_icon&quot;
                &gt;
                  &lt;span
                    class=&quot;Icon Icon_size_s IconSearch TextField-Icon&quot;
                  &gt;
                    &lt;svg
                      class=&quot;Icon-Svg&quot;
                      viewBox=&quot;0 0 16 16&quot;
                    &gt;
                      &lt;path
                        clip-rule=&quot;evenodd&quot;
                        d=&quot;M9.618 11.032a5.5 5.5 0 111.414-1.414l3.97 3.969L13.586 15l-3.97-3.97zM10 6.5a3.5 3.5 0 11-7 0 3.5 3.5 0 017 0z&quot;
                        fill-rule=&quot;evenodd&quot;
                      /&gt;
                    &lt;/svg&gt;
                  &lt;/span&gt;
                &lt;/div&gt;
                &lt;input
                  class=&quot;TextField-Input&quot;
                  id=&quot;&quot;
                  placeholder=&quot;Введите название проекта или имя автора&quot;
                  type=&quot;input&quot;
                  value=&quot;&quot;
                /&gt;
              &lt;/div&gt;
            &lt;/div&gt;
          &lt;/div&gt;
        &lt;/div&gt;
        &lt;div
          class=&quot;VegaProjectsPage__Table&quot;
          data-testid=&quot;ProjectsPage:table&quot;
        &gt;
          &lt;div
            class=&quot;Table Table_size_l Table_zebraStriped_odd&quot;
            style=&quot;grid-template-columns: 260px 260px 260px 200px 260px 216px; --table-width: 0px;&quot;
          &gt;
            &lt;div
              class=&quot;TableCell TableCell_isResized TableCell_isSortable TableCell_isResizer TableCell_stickyOnTop TableCell_withoutBorder&quot;
              role=&quot;cell&quot;
            &gt;
              &lt;div
                class=&quot;TableCell-Wrapper TableCell-Wrapper_withoutPadding&quot;
              /&gt;
            &lt;/div&gt;
            &lt;div
              class=&quot;TableCell TableCell_isResized TableCell_isSortable TableCell_isResizer TableCell_stickyOnTop TableCell_withoutBorder&quot;
              role=&quot;cell&quot;
            &gt;
              &lt;div
                class=&quot;TableCell-Wrapper TableCell-Wrapper_withoutPadding&quot;
              /&gt;
            &lt;/div&gt;
            &lt;div
              class=&quot;TableCell TableCell_isResized TableCell_isSortable TableCell_isResizer TableCell_stickyOnTop TableCell_withoutBorder&quot;
              role=&quot;cell&quot;
            &gt;
              &lt;div
                class=&quot;TableCell-Wrapper TableCell-Wrapper_withoutPadding&quot;
              /&gt;
            &lt;/div&gt;
            &lt;div
              class=&quot;TableCell TableCell_isResized TableCell_isSortable TableCell_isResizer TableCell_stickyOnTop TableCell_withoutBorder&quot;
              role=&quot;cell&quot;
            &gt;
              &lt;div
                class=&quot;TableCell-Wrapper TableCell-Wrapper_withoutPadding&quot;
              /&gt;
            &lt;/div&gt;
            &lt;div
              class=&quot;TableCell TableCell_isResized TableCell_isSortable TableCell_isResizer TableCell_stickyOnTop TableCell_withoutBorder&quot;
              role=&quot;cell&quot;
            &gt;
              &lt;div
                class=&quot;TableCell-Wrapper TableCell-Wrapper_withoutPadding&quot;
              /&gt;
            &lt;/div&gt;
            &lt;div
              class=&quot;TableCell TableCell_isResized TableCell_isSortable TableCell_isResizer TableCell_stickyOnTop TableCell_withoutBorder&quot;
              role=&quot;cell&quot;
            &gt;
              &lt;div
                class=&quot;TableCell-Wrapper TableCell-Wrapper_withoutPadding&quot;
              /&gt;
            &lt;/div&gt;
            &lt;div
              class=&quot;TableHeader-Row&quot;
            &gt;
              &lt;div
                class=&quot;TableCell TableCell_isResized TableCell_isSortable TableCell_isHeader TableHeader-Cell TableHeader-Cell_isFirstColumn TableHeader-C...
    at Object.getElementError (C:\Lanit\vega-sp\node_modules\@testing-library\dom\dist\config.js:37:19)
    at getElementError (C:\Lanit\vega-sp\node_modules\@testing-library\dom\dist\query-helpers.js:25:35)
    at getMultipleElementsFoundError (C:\Lanit\vega-sp\node_modules\@testing-library\dom\dist\query-helpers.js:29:10)
    at C:\Lanit\vega-sp\node_modules\@testing-library\dom\dist\query-helpers.js:65:13
    at getByText (C:\Lanit\vega-sp\node_modules\@testing-library\dom\dist\query-helpers.js:101:24)
    at Object.&lt;anonymous&gt; (C:\Lanit\vega-sp\src\pages\projects\ProjectsPageView.test.tsx:80:28)
    at Object.asyncJestTest (C:\Lanit\vega-sp\node_modules\jest-jasmine2\build\jasmineAsyncInstall.js:100:37)
    at C:\Lanit\vega-sp\node_modules\jest-jasmine2\build\queueRunner.js:47:12
    at new Promise (&lt;anonymous&gt;)
    at mapper (C:\Lanit\vega-sp\node_modules\jest-jasmine2\build\queueRunner.js:30:19)
    at C:\Lanit\vega-sp\node_modules\jest-jasmine2\build\queueRunner.js:77:41
    at processTicksAndRejections (internal/process/task_queues.js:97:5)</failure>
      <failure>TypeError: Only absolute URLs are supported
    at getNodeRequestOptions (C:\Lanit\vega-sp\node_modules\node-fetch\lib\index.js:1505:11)
    at C:\Lanit\vega-sp\node_modules\node-fetch\lib\index.js:1610:19
    at new Promise (&lt;anonymous&gt;)
    at fetch (C:\Lanit\vega-sp\node_modules\node-fetch\lib\index.js:1607:10)
    at fetch (C:\Lanit\vega-sp\node_modules\cross-fetch\dist\node-ponyfill.js:14:20)
    at create (C:\Lanit\vega-sp\src\pages\projects\ProjectsPageView.tsx:71:5)
    at commitHookEffectListMount (C:\Lanit\vega-sp\node_modules\react-dom\cjs\react-dom.development.js:19731:26)
    at apply (C:\Lanit\vega-sp\node_modules\react-dom\cjs\react-dom.development.js:19769:11)
    at HTMLUnknownElement.callCallback (C:\Lanit\vega-sp\node_modules\react-dom\cjs\react-dom.development.js:188:14)
    at innerInvokeEventListeners (C:\Lanit\vega-sp\node_modules\jsdom\lib\jsdom\living\events\EventTarget-impl.js:330:27)
    at invokeEventListeners (C:\Lanit\vega-sp\node_modules\jsdom\lib\jsdom\living\events\EventTarget-impl.js:281:3)
    at HTMLUnknownElementImpl._dispatch (C:\Lanit\vega-sp\node_modules\jsdom\lib\jsdom\living\events\EventTarget-impl.js:228:9)
    at HTMLUnknownElementImpl.dispatchEvent (C:\Lanit\vega-sp\node_modules\jsdom\lib\jsdom\living\events\EventTarget-impl.js:101:17)
    at HTMLUnknownElement.dispatchEvent (C:\Lanit\vega-sp\node_modules\jsdom\lib\jsdom\living\generated\EventTarget.js:207:34)
    at Object.apply (C:\Lanit\vega-sp\node_modules\react-dom\cjs\react-dom.development.js:237:16)
    at invokeGuardedCallback (C:\Lanit\vega-sp\node_modules\react-dom\cjs\react-dom.development.js:292:31)
    at flushPassiveEffectsImpl (C:\Lanit\vega-sp\node_modules\react-dom\cjs\react-dom.development.js:22853:9)
    at Scheduler_runWithPriority (C:\Lanit\vega-sp\node_modules\scheduler\cjs\scheduler.development.js:663:16)
    at runWithPriority$1 (C:\Lanit\vega-sp\node_modules\react-dom\cjs\react-dom.development.js:11039:10)
    at flushPassiveEffects (C:\Lanit\vega-sp\node_modules\react-dom\cjs\react-dom.development.js:22820:12)
    at callback (C:\Lanit\vega-sp\node_modules\react-dom\cjs\react-dom.development.js:21737:3)
    at C:\Lanit\vega-sp\node_modules\react-dom\cjs\react-dom.development.js:11089:24
    at Scheduler_runWithPriority (C:\Lanit\vega-sp\node_modules\scheduler\cjs\scheduler.development.js:663:16)
    at runWithPriority$1 (C:\Lanit\vega-sp\node_modules\react-dom\cjs\react-dom.development.js:11039:10)
    at flushSyncCallbackQueueImpl (C:\Lanit\vega-sp\node_modules\react-dom\cjs\react-dom.development.js:11084:7)
    at flushSyncCallbackQueue (C:\Lanit\vega-sp\node_modules\react-dom\cjs\react-dom.development.js:11072:3)
    at batchedUpdates (C:\Lanit\vega-sp\node_modules\react-dom\cjs\react-dom.development.js:21862:7)
    at act (C:\Lanit\vega-sp\node_modules\react-dom\cjs\react-dom-test-utils.development.js:929:14)
    at render (C:\Lanit\vega-sp\node_modules\@testing-library\react\dist\pure.js:96:3)
    at render (C:\Lanit\vega-sp\src\testing\react-testing-library.tsx:94:8)
    at renderComponent (C:\Lanit\vega-sp\src\pages\projects\ProjectsPageView.test.tsx:45:10)
    at Object.&lt;anonymous&gt; (C:\Lanit\vega-sp\src\pages\projects\ProjectsPageView.test.tsx:76:5)
    at Object.asyncJestTest (C:\Lanit\vega-sp\node_modules\jest-jasmine2\build\jasmineAsyncInstall.js:100:37)
    at C:\Lanit\vega-sp\node_modules\jest-jasmine2\build\queueRunner.js:47:12
    at new Promise (&lt;anonymous&gt;)
    at mapper (C:\Lanit\vega-sp\node_modules\jest-jasmine2\build\queueRunner.js:30:19)
    at C:\Lanit\vega-sp\node_modules\jest-jasmine2\build\queueRunner.js:77:41
    at processTicksAndRejections (internal/process/task_queues.js:97:5)</failure>
    </testcase>
    <testcase classname="ProjectsPageView пагинация выводит счётчики проектов" name="ProjectsPageView пагинация выводит счётчики проектов" time="0.209">
      <failure>TypeError: Only absolute URLs are supported
    at getNodeRequestOptions (C:\Lanit\vega-sp\node_modules\node-fetch\lib\index.js:1505:11)
    at C:\Lanit\vega-sp\node_modules\node-fetch\lib\index.js:1610:19
    at new Promise (&lt;anonymous&gt;)
    at fetch (C:\Lanit\vega-sp\node_modules\node-fetch\lib\index.js:1607:10)
    at fetch (C:\Lanit\vega-sp\node_modules\cross-fetch\dist\node-ponyfill.js:14:20)
    at create (C:\Lanit\vega-sp\src\pages\projects\ProjectsPageView.tsx:71:5)
    at commitHookEffectListMount (C:\Lanit\vega-sp\node_modules\react-dom\cjs\react-dom.development.js:19731:26)
    at apply (C:\Lanit\vega-sp\node_modules\react-dom\cjs\react-dom.development.js:19769:11)
    at HTMLUnknownElement.callCallback (C:\Lanit\vega-sp\node_modules\react-dom\cjs\react-dom.development.js:188:14)
    at innerInvokeEventListeners (C:\Lanit\vega-sp\node_modules\jsdom\lib\jsdom\living\events\EventTarget-impl.js:330:27)
    at invokeEventListeners (C:\Lanit\vega-sp\node_modules\jsdom\lib\jsdom\living\events\EventTarget-impl.js:281:3)
    at HTMLUnknownElementImpl._dispatch (C:\Lanit\vega-sp\node_modules\jsdom\lib\jsdom\living\events\EventTarget-impl.js:228:9)
    at HTMLUnknownElementImpl.dispatchEvent (C:\Lanit\vega-sp\node_modules\jsdom\lib\jsdom\living\events\EventTarget-impl.js:101:17)
    at HTMLUnknownElement.dispatchEvent (C:\Lanit\vega-sp\node_modules\jsdom\lib\jsdom\living\generated\EventTarget.js:207:34)
    at Object.apply (C:\Lanit\vega-sp\node_modules\react-dom\cjs\react-dom.development.js:237:16)
    at invokeGuardedCallback (C:\Lanit\vega-sp\node_modules\react-dom\cjs\react-dom.development.js:292:31)
    at flushPassiveEffectsImpl (C:\Lanit\vega-sp\node_modules\react-dom\cjs\react-dom.development.js:22853:9)
    at Scheduler_runWithPriority (C:\Lanit\vega-sp\node_modules\scheduler\cjs\scheduler.development.js:663:16)
    at runWithPriority$1 (C:\Lanit\vega-sp\node_modules\react-dom\cjs\react-dom.development.js:11039:10)
    at flushPassiveEffects (C:\Lanit\vega-sp\node_modules\react-dom\cjs\react-dom.development.js:22820:12)
    at callback (C:\Lanit\vega-sp\node_modules\react-dom\cjs\react-dom.development.js:21737:3)
    at C:\Lanit\vega-sp\node_modules\react-dom\cjs\react-dom.development.js:11089:24
    at Scheduler_runWithPriority (C:\Lanit\vega-sp\node_modules\scheduler\cjs\scheduler.development.js:663:16)
    at runWithPriority$1 (C:\Lanit\vega-sp\node_modules\react-dom\cjs\react-dom.development.js:11039:10)
    at flushSyncCallbackQueueImpl (C:\Lanit\vega-sp\node_modules\react-dom\cjs\react-dom.development.js:11084:7)
    at flushSyncCallbackQueue (C:\Lanit\vega-sp\node_modules\react-dom\cjs\react-dom.development.js:11072:3)
    at batchedUpdates (C:\Lanit\vega-sp\node_modules\react-dom\cjs\react-dom.development.js:21862:7)
    at act (C:\Lanit\vega-sp\node_modules\react-dom\cjs\react-dom-test-utils.development.js:929:14)
    at render (C:\Lanit\vega-sp\node_modules\@testing-library\react\dist\pure.js:96:3)
    at render (C:\Lanit\vega-sp\src\testing\react-testing-library.tsx:94:8)
    at renderComponent (C:\Lanit\vega-sp\src\pages\projects\ProjectsPageView.test.tsx:45:10)
    at Object.&lt;anonymous&gt; (C:\Lanit\vega-sp\src\pages\projects\ProjectsPageView.test.tsx:88:7)
    at Object.asyncJestTest (C:\Lanit\vega-sp\node_modules\jest-jasmine2\build\jasmineAsyncInstall.js:100:37)
    at C:\Lanit\vega-sp\node_modules\jest-jasmine2\build\queueRunner.js:47:12
    at new Promise (&lt;anonymous&gt;)
    at mapper (C:\Lanit\vega-sp\node_modules\jest-jasmine2\build\queueRunner.js:30:19)
    at C:\Lanit\vega-sp\node_modules\jest-jasmine2\build\queueRunner.js:77:41
    at processTicksAndRejections (internal/process/task_queues.js:97:5)</failure>
    </testcase>
    <testcase classname="ProjectsPageView пагинация срабатывает обработчик загрузки проектов" name="ProjectsPageView пагинация срабатывает обработчик загрузки проектов" time="0.387">
      <failure>TestingLibraryElementError: Found multiple elements with the text: Загрузить ещё

(If this is intentional, then use the `*AllBy*` variant of the query (like `queryAllByText`, `getAllByText`, or `findAllByText`)).

&lt;body&gt;
  &lt;div&gt;
    &lt;div
      class=&quot;VegaProjectsPage&quot;
      data-testid=&quot;ProjectsPage:root&quot;
    &gt;
      &lt;div
        class=&quot;VegaProjectsPage__Container&quot;
      &gt;
        &lt;div
          class=&quot;VegaProjectsPage__Header&quot;
        &gt;
          &lt;div
            class=&quot;VegaProjectsPage__Heading&quot;
          &gt;
            &lt;h1
              class=&quot;Text Text_size_3xl Text_view_primary Text_weight_bold VegaProjectsPage__Title&quot;
              data-testid=&quot;ProjectsPage:root:title&quot;
            &gt;
              Проекты
            &lt;/h1&gt;
            &lt;span
              class=&quot;Text Text_size_s Text_view_secondary VegaProjectsPage__SearchResult&quot;
            &gt;
              20
               из 
              100
            &lt;/span&gt;
          &lt;/div&gt;
          &lt;div
            class=&quot;VegaProjectsPage__RightBlock&quot;
          &gt;
            &lt;div
              class=&quot;VegaProjectsPage__LinkBlock&quot;
            &gt;
              &lt;a
                data-testid=&quot;ProjectsPage:link:create&quot;
                href=&quot;/projects/create&quot;
              &gt;
                &lt;button
                  class=&quot;Button Button_size_s Button_view_primary Button_width_default Button_form_default MixFocus&quot;
                &gt;
                  Создать новый проект
                &lt;/button&gt;
              &lt;/a&gt;
            &lt;/div&gt;
            &lt;div
              class=&quot;VegaProjectsPage__TextFieldBlock&quot;
            &gt;
              &lt;div
                class=&quot;TextField TextField_size_s TextField_view_default TextField_form_default TextField_width_default TextField_type_input&quot;
              &gt;
                &lt;div
                  class=&quot;TextField-Side TextField-Side_position_left TextField-Side_type_icon&quot;
                &gt;
                  &lt;span
                    class=&quot;Icon Icon_size_s IconSearch TextField-Icon&quot;
                  &gt;
                    &lt;svg
                      class=&quot;Icon-Svg&quot;
                      viewBox=&quot;0 0 16 16&quot;
                    &gt;
                      &lt;path
                        clip-rule=&quot;evenodd&quot;
                        d=&quot;M9.618 11.032a5.5 5.5 0 111.414-1.414l3.97 3.969L13.586 15l-3.97-3.97zM10 6.5a3.5 3.5 0 11-7 0 3.5 3.5 0 017 0z&quot;
                        fill-rule=&quot;evenodd&quot;
                      /&gt;
                    &lt;/svg&gt;
                  &lt;/span&gt;
                &lt;/div&gt;
                &lt;input
                  class=&quot;TextField-Input&quot;
                  id=&quot;&quot;
                  placeholder=&quot;Введите название проекта или имя автора&quot;
                  type=&quot;input&quot;
                  value=&quot;&quot;
                /&gt;
              &lt;/div&gt;
            &lt;/div&gt;
          &lt;/div&gt;
        &lt;/div&gt;
        &lt;div
          class=&quot;VegaProjectsPage__Table&quot;
          data-testid=&quot;ProjectsPage:table&quot;
        &gt;
          &lt;div
            class=&quot;Table Table_size_l Table_zebraStriped_odd&quot;
            style=&quot;grid-template-columns: 260px 260px 260px 200px 260px 216px; --table-width: 0px;&quot;
          &gt;
            &lt;div
              class=&quot;TableCell TableCell_isResized TableCell_isSortable TableCell_isResizer TableCell_stickyOnTop TableCell_withoutBorder&quot;
              role=&quot;cell&quot;
            &gt;
              &lt;div
                class=&quot;TableCell-Wrapper TableCell-Wrapper_withoutPadding&quot;
              /&gt;
            &lt;/div&gt;
            &lt;div
              class=&quot;TableCell TableCell_isResized TableCell_isSortable TableCell_isResizer TableCell_stickyOnTop TableCell_withoutBorder&quot;
              role=&quot;cell&quot;
            &gt;
              &lt;div
                class=&quot;TableCell-Wrapper TableCell-Wrapper_withoutPadding&quot;
              /&gt;
            &lt;/div&gt;
            &lt;div
              class=&quot;TableCell TableCell_isResized TableCell_isSortable TableCell_isResizer TableCell_stickyOnTop TableCell_withoutBorder&quot;
              role=&quot;cell&quot;
            &gt;
              &lt;div
                class=&quot;TableCell-Wrapper TableCell-Wrapper_withoutPadding&quot;
              /&gt;
            &lt;/div&gt;
            &lt;div
              class=&quot;TableCell TableCell_isResized TableCell_isSortable TableCell_isResizer TableCell_stickyOnTop TableCell_withoutBorder&quot;
              role=&quot;cell&quot;
            &gt;
              &lt;div
                class=&quot;TableCell-Wrapper TableCell-Wrapper_withoutPadding&quot;
              /&gt;
            &lt;/div&gt;
            &lt;div
              class=&quot;TableCell TableCell_isResized TableCell_isSortable TableCell_isResizer TableCell_stickyOnTop TableCell_withoutBorder&quot;
              role=&quot;cell&quot;
            &gt;
              &lt;div
                class=&quot;TableCell-Wrapper TableCell-Wrapper_withoutPadding&quot;
              /&gt;
            &lt;/div&gt;
            &lt;div
              class=&quot;TableCell TableCell_isResized TableCell_isSortable TableCell_isResizer TableCell_stickyOnTop TableCell_withoutBorder&quot;
              role=&quot;cell&quot;
            &gt;
              &lt;div
                class=&quot;TableCell-Wrapper TableCell-Wrapper_withoutPadding&quot;
              /&gt;
            &lt;/div&gt;
            &lt;div
              class=&quot;TableHeader-Row&quot;
            &gt;
              &lt;div
                class=&quot;TableCell TableCell_isResized TableCell_isSortable TableCell_isHeader TableHeader-Cell TableHeader-Cell_isFirstColumn TableHeader-C...
    at Object.getElementError (C:\Lanit\vega-sp\node_modules\@testing-library\dom\dist\config.js:37:19)
    at getElementError (C:\Lanit\vega-sp\node_modules\@testing-library\dom\dist\query-helpers.js:25:35)
    at getMultipleElementsFoundError (C:\Lanit\vega-sp\node_modules\@testing-library\dom\dist\query-helpers.js:29:10)
    at C:\Lanit\vega-sp\node_modules\@testing-library\dom\dist\query-helpers.js:65:13
    at getByText (C:\Lanit\vega-sp\node_modules\@testing-library\dom\dist\query-helpers.js:101:24)
    at Object.&lt;anonymous&gt; (C:\Lanit\vega-sp\src\pages\projects\ProjectsPageView.test.tsx:96:33)
    at Object.asyncJestTest (C:\Lanit\vega-sp\node_modules\jest-jasmine2\build\jasmineAsyncInstall.js:100:37)
    at C:\Lanit\vega-sp\node_modules\jest-jasmine2\build\queueRunner.js:47:12
    at new Promise (&lt;anonymous&gt;)
    at mapper (C:\Lanit\vega-sp\node_modules\jest-jasmine2\build\queueRunner.js:30:19)
    at C:\Lanit\vega-sp\node_modules\jest-jasmine2\build\queueRunner.js:77:41
    at processTicksAndRejections (internal/process/task_queues.js:97:5)</failure>
      <failure>TypeError: Only absolute URLs are supported
    at getNodeRequestOptions (C:\Lanit\vega-sp\node_modules\node-fetch\lib\index.js:1505:11)
    at C:\Lanit\vega-sp\node_modules\node-fetch\lib\index.js:1610:19
    at new Promise (&lt;anonymous&gt;)
    at fetch (C:\Lanit\vega-sp\node_modules\node-fetch\lib\index.js:1607:10)
    at fetch (C:\Lanit\vega-sp\node_modules\cross-fetch\dist\node-ponyfill.js:14:20)
    at create (C:\Lanit\vega-sp\src\pages\projects\ProjectsPageView.tsx:71:5)
    at commitHookEffectListMount (C:\Lanit\vega-sp\node_modules\react-dom\cjs\react-dom.development.js:19731:26)
    at apply (C:\Lanit\vega-sp\node_modules\react-dom\cjs\react-dom.development.js:19769:11)
    at HTMLUnknownElement.callCallback (C:\Lanit\vega-sp\node_modules\react-dom\cjs\react-dom.development.js:188:14)
    at innerInvokeEventListeners (C:\Lanit\vega-sp\node_modules\jsdom\lib\jsdom\living\events\EventTarget-impl.js:330:27)
    at invokeEventListeners (C:\Lanit\vega-sp\node_modules\jsdom\lib\jsdom\living\events\EventTarget-impl.js:281:3)
    at HTMLUnknownElementImpl._dispatch (C:\Lanit\vega-sp\node_modules\jsdom\lib\jsdom\living\events\EventTarget-impl.js:228:9)
    at HTMLUnknownElementImpl.dispatchEvent (C:\Lanit\vega-sp\node_modules\jsdom\lib\jsdom\living\events\EventTarget-impl.js:101:17)
    at HTMLUnknownElement.dispatchEvent (C:\Lanit\vega-sp\node_modules\jsdom\lib\jsdom\living\generated\EventTarget.js:207:34)
    at Object.apply (C:\Lanit\vega-sp\node_modules\react-dom\cjs\react-dom.development.js:237:16)
    at invokeGuardedCallback (C:\Lanit\vega-sp\node_modules\react-dom\cjs\react-dom.development.js:292:31)
    at flushPassiveEffectsImpl (C:\Lanit\vega-sp\node_modules\react-dom\cjs\react-dom.development.js:22853:9)
    at Scheduler_runWithPriority (C:\Lanit\vega-sp\node_modules\scheduler\cjs\scheduler.development.js:663:16)
    at runWithPriority$1 (C:\Lanit\vega-sp\node_modules\react-dom\cjs\react-dom.development.js:11039:10)
    at flushPassiveEffects (C:\Lanit\vega-sp\node_modules\react-dom\cjs\react-dom.development.js:22820:12)
    at callback (C:\Lanit\vega-sp\node_modules\react-dom\cjs\react-dom.development.js:21737:3)
    at C:\Lanit\vega-sp\node_modules\react-dom\cjs\react-dom.development.js:11089:24
    at Scheduler_runWithPriority (C:\Lanit\vega-sp\node_modules\scheduler\cjs\scheduler.development.js:663:16)
    at runWithPriority$1 (C:\Lanit\vega-sp\node_modules\react-dom\cjs\react-dom.development.js:11039:10)
    at flushSyncCallbackQueueImpl (C:\Lanit\vega-sp\node_modules\react-dom\cjs\react-dom.development.js:11084:7)
    at flushSyncCallbackQueue (C:\Lanit\vega-sp\node_modules\react-dom\cjs\react-dom.development.js:11072:3)
    at batchedUpdates (C:\Lanit\vega-sp\node_modules\react-dom\cjs\react-dom.development.js:21862:7)
    at act (C:\Lanit\vega-sp\node_modules\react-dom\cjs\react-dom-test-utils.development.js:929:14)
    at render (C:\Lanit\vega-sp\node_modules\@testing-library\react\dist\pure.js:96:3)
    at render (C:\Lanit\vega-sp\src\testing\react-testing-library.tsx:94:8)
    at renderComponent (C:\Lanit\vega-sp\src\pages\projects\ProjectsPageView.test.tsx:45:10)
    at Object.&lt;anonymous&gt; (C:\Lanit\vega-sp\src\pages\projects\ProjectsPageView.test.tsx:94:7)
    at Object.asyncJestTest (C:\Lanit\vega-sp\node_modules\jest-jasmine2\build\jasmineAsyncInstall.js:100:37)
    at C:\Lanit\vega-sp\node_modules\jest-jasmine2\build\queueRunner.js:47:12
    at new Promise (&lt;anonymous&gt;)
    at mapper (C:\Lanit\vega-sp\node_modules\jest-jasmine2\build\queueRunner.js:30:19)
    at C:\Lanit\vega-sp\node_modules\jest-jasmine2\build\queueRunner.js:77:41
    at processTicksAndRejections (internal/process/task_queues.js:97:5)</failure>
    </testcase>
    <testcase classname="ProjectsPageView пагинация показывает кнопку загрузки, если есть проекты" name="ProjectsPageView пагинация показывает кнопку загрузки, если есть проекты" time="0.422">
      <failure>TestingLibraryElementError: Found multiple elements with the text: Загрузить ещё

(If this is intentional, then use the `*AllBy*` variant of the query (like `queryAllByText`, `getAllByText`, or `findAllByText`)).

&lt;body&gt;
  &lt;div&gt;
    &lt;div
      class=&quot;VegaProjectsPage&quot;
      data-testid=&quot;ProjectsPage:root&quot;
    &gt;
      &lt;div
        class=&quot;VegaProjectsPage__Container&quot;
      &gt;
        &lt;div
          class=&quot;VegaProjectsPage__Header&quot;
        &gt;
          &lt;div
            class=&quot;VegaProjectsPage__Heading&quot;
          &gt;
            &lt;h1
              class=&quot;Text Text_size_3xl Text_view_primary Text_weight_bold VegaProjectsPage__Title&quot;
              data-testid=&quot;ProjectsPage:root:title&quot;
            &gt;
              Проекты
            &lt;/h1&gt;
            &lt;span
              class=&quot;Text Text_size_s Text_view_secondary VegaProjectsPage__SearchResult&quot;
            &gt;
              20
               из 
              100
            &lt;/span&gt;
          &lt;/div&gt;
          &lt;div
            class=&quot;VegaProjectsPage__RightBlock&quot;
          &gt;
            &lt;div
              class=&quot;VegaProjectsPage__LinkBlock&quot;
            &gt;
              &lt;a
                data-testid=&quot;ProjectsPage:link:create&quot;
                href=&quot;/projects/create&quot;
              &gt;
                &lt;button
                  class=&quot;Button Button_size_s Button_view_primary Button_width_default Button_form_default MixFocus&quot;
                &gt;
                  Создать новый проект
                &lt;/button&gt;
              &lt;/a&gt;
            &lt;/div&gt;
            &lt;div
              class=&quot;VegaProjectsPage__TextFieldBlock&quot;
            &gt;
              &lt;div
                class=&quot;TextField TextField_size_s TextField_view_default TextField_form_default TextField_width_default TextField_type_input&quot;
              &gt;
                &lt;div
                  class=&quot;TextField-Side TextField-Side_position_left TextField-Side_type_icon&quot;
                &gt;
                  &lt;span
                    class=&quot;Icon Icon_size_s IconSearch TextField-Icon&quot;
                  &gt;
                    &lt;svg
                      class=&quot;Icon-Svg&quot;
                      viewBox=&quot;0 0 16 16&quot;
                    &gt;
                      &lt;path
                        clip-rule=&quot;evenodd&quot;
                        d=&quot;M9.618 11.032a5.5 5.5 0 111.414-1.414l3.97 3.969L13.586 15l-3.97-3.97zM10 6.5a3.5 3.5 0 11-7 0 3.5 3.5 0 017 0z&quot;
                        fill-rule=&quot;evenodd&quot;
                      /&gt;
                    &lt;/svg&gt;
                  &lt;/span&gt;
                &lt;/div&gt;
                &lt;input
                  class=&quot;TextField-Input&quot;
                  id=&quot;&quot;
                  placeholder=&quot;Введите название проекта или имя автора&quot;
                  type=&quot;input&quot;
                  value=&quot;&quot;
                /&gt;
              &lt;/div&gt;
            &lt;/div&gt;
          &lt;/div&gt;
        &lt;/div&gt;
        &lt;div
          class=&quot;VegaProjectsPage__Table&quot;
          data-testid=&quot;ProjectsPage:table&quot;
        &gt;
          &lt;div
            class=&quot;Table Table_size_l Table_zebraStriped_odd&quot;
            style=&quot;grid-template-columns: 260px 260px 260px 200px 260px 216px; --table-width: 0px;&quot;
          &gt;
            &lt;div
              class=&quot;TableCell TableCell_isResized TableCell_isSortable TableCell_isResizer TableCell_stickyOnTop TableCell_withoutBorder&quot;
              role=&quot;cell&quot;
            &gt;
              &lt;div
                class=&quot;TableCell-Wrapper TableCell-Wrapper_withoutPadding&quot;
              /&gt;
            &lt;/div&gt;
            &lt;div
              class=&quot;TableCell TableCell_isResized TableCell_isSortable TableCell_isResizer TableCell_stickyOnTop TableCell_withoutBorder&quot;
              role=&quot;cell&quot;
            &gt;
              &lt;div
                class=&quot;TableCell-Wrapper TableCell-Wrapper_withoutPadding&quot;
              /&gt;
            &lt;/div&gt;
            &lt;div
              class=&quot;TableCell TableCell_isResized TableCell_isSortable TableCell_isResizer TableCell_stickyOnTop TableCell_withoutBorder&quot;
              role=&quot;cell&quot;
            &gt;
              &lt;div
                class=&quot;TableCell-Wrapper TableCell-Wrapper_withoutPadding&quot;
              /&gt;
            &lt;/div&gt;
            &lt;div
              class=&quot;TableCell TableCell_isResized TableCell_isSortable TableCell_isResizer TableCell_stickyOnTop TableCell_withoutBorder&quot;
              role=&quot;cell&quot;
            &gt;
              &lt;div
                class=&quot;TableCell-Wrapper TableCell-Wrapper_withoutPadding&quot;
              /&gt;
            &lt;/div&gt;
            &lt;div
              class=&quot;TableCell TableCell_isResized TableCell_isSortable TableCell_isResizer TableCell_stickyOnTop TableCell_withoutBorder&quot;
              role=&quot;cell&quot;
            &gt;
              &lt;div
                class=&quot;TableCell-Wrapper TableCell-Wrapper_withoutPadding&quot;
              /&gt;
            &lt;/div&gt;
            &lt;div
              class=&quot;TableCell TableCell_isResized TableCell_isSortable TableCell_isResizer TableCell_stickyOnTop TableCell_withoutBorder&quot;
              role=&quot;cell&quot;
            &gt;
              &lt;div
                class=&quot;TableCell-Wrapper TableCell-Wrapper_withoutPadding&quot;
              /&gt;
            &lt;/div&gt;
            &lt;div
              class=&quot;TableHeader-Row&quot;
            &gt;
              &lt;div
                class=&quot;TableCell TableCell_isResized TableCell_isSortable TableCell_isHeader TableHeader-Cell TableHeader-Cell_isFirstColumn TableHeader-C...
    at Object.getElementError (C:\Lanit\vega-sp\node_modules\@testing-library\dom\dist\config.js:37:19)
    at getElementError (C:\Lanit\vega-sp\node_modules\@testing-library\dom\dist\query-helpers.js:25:35)
    at getMultipleElementsFoundError (C:\Lanit\vega-sp\node_modules\@testing-library\dom\dist\query-helpers.js:29:10)
    at C:\Lanit\vega-sp\node_modules\@testing-library\dom\dist\query-helpers.js:65:13
    at getByText (C:\Lanit\vega-sp\node_modules\@testing-library\dom\dist\query-helpers.js:101:24)
    at Object.&lt;anonymous&gt; (C:\Lanit\vega-sp\src\pages\projects\ProjectsPageView.test.tsx:104:33)
    at Object.asyncJestTest (C:\Lanit\vega-sp\node_modules\jest-jasmine2\build\jasmineAsyncInstall.js:100:37)
    at C:\Lanit\vega-sp\node_modules\jest-jasmine2\build\queueRunner.js:47:12
    at new Promise (&lt;anonymous&gt;)
    at mapper (C:\Lanit\vega-sp\node_modules\jest-jasmine2\build\queueRunner.js:30:19)
    at C:\Lanit\vega-sp\node_modules\jest-jasmine2\build\queueRunner.js:77:41
    at processTicksAndRejections (internal/process/task_queues.js:97:5)</failure>
      <failure>TypeError: Only absolute URLs are supported
    at getNodeRequestOptions (C:\Lanit\vega-sp\node_modules\node-fetch\lib\index.js:1505:11)
    at C:\Lanit\vega-sp\node_modules\node-fetch\lib\index.js:1610:19
    at new Promise (&lt;anonymous&gt;)
    at fetch (C:\Lanit\vega-sp\node_modules\node-fetch\lib\index.js:1607:10)
    at fetch (C:\Lanit\vega-sp\node_modules\cross-fetch\dist\node-ponyfill.js:14:20)
    at create (C:\Lanit\vega-sp\src\pages\projects\ProjectsPageView.tsx:71:5)
    at commitHookEffectListMount (C:\Lanit\vega-sp\node_modules\react-dom\cjs\react-dom.development.js:19731:26)
    at apply (C:\Lanit\vega-sp\node_modules\react-dom\cjs\react-dom.development.js:19769:11)
    at HTMLUnknownElement.callCallback (C:\Lanit\vega-sp\node_modules\react-dom\cjs\react-dom.development.js:188:14)
    at innerInvokeEventListeners (C:\Lanit\vega-sp\node_modules\jsdom\lib\jsdom\living\events\EventTarget-impl.js:330:27)
    at invokeEventListeners (C:\Lanit\vega-sp\node_modules\jsdom\lib\jsdom\living\events\EventTarget-impl.js:281:3)
    at HTMLUnknownElementImpl._dispatch (C:\Lanit\vega-sp\node_modules\jsdom\lib\jsdom\living\events\EventTarget-impl.js:228:9)
    at HTMLUnknownElementImpl.dispatchEvent (C:\Lanit\vega-sp\node_modules\jsdom\lib\jsdom\living\events\EventTarget-impl.js:101:17)
    at HTMLUnknownElement.dispatchEvent (C:\Lanit\vega-sp\node_modules\jsdom\lib\jsdom\living\generated\EventTarget.js:207:34)
    at Object.apply (C:\Lanit\vega-sp\node_modules\react-dom\cjs\react-dom.development.js:237:16)
    at invokeGuardedCallback (C:\Lanit\vega-sp\node_modules\react-dom\cjs\react-dom.development.js:292:31)
    at flushPassiveEffectsImpl (C:\Lanit\vega-sp\node_modules\react-dom\cjs\react-dom.development.js:22853:9)
    at Scheduler_runWithPriority (C:\Lanit\vega-sp\node_modules\scheduler\cjs\scheduler.development.js:663:16)
    at runWithPriority$1 (C:\Lanit\vega-sp\node_modules\react-dom\cjs\react-dom.development.js:11039:10)
    at flushPassiveEffects (C:\Lanit\vega-sp\node_modules\react-dom\cjs\react-dom.development.js:22820:12)
    at callback (C:\Lanit\vega-sp\node_modules\react-dom\cjs\react-dom.development.js:21737:3)
    at C:\Lanit\vega-sp\node_modules\react-dom\cjs\react-dom.development.js:11089:24
    at Scheduler_runWithPriority (C:\Lanit\vega-sp\node_modules\scheduler\cjs\scheduler.development.js:663:16)
    at runWithPriority$1 (C:\Lanit\vega-sp\node_modules\react-dom\cjs\react-dom.development.js:11039:10)
    at flushSyncCallbackQueueImpl (C:\Lanit\vega-sp\node_modules\react-dom\cjs\react-dom.development.js:11084:7)
    at flushSyncCallbackQueue (C:\Lanit\vega-sp\node_modules\react-dom\cjs\react-dom.development.js:11072:3)
    at batchedUpdates (C:\Lanit\vega-sp\node_modules\react-dom\cjs\react-dom.development.js:21862:7)
    at act (C:\Lanit\vega-sp\node_modules\react-dom\cjs\react-dom-test-utils.development.js:929:14)
    at render (C:\Lanit\vega-sp\node_modules\@testing-library\react\dist\pure.js:96:3)
    at render (C:\Lanit\vega-sp\src\testing\react-testing-library.tsx:94:8)
    at renderComponent (C:\Lanit\vega-sp\src\pages\projects\ProjectsPageView.test.tsx:45:10)
    at Object.&lt;anonymous&gt; (C:\Lanit\vega-sp\src\pages\projects\ProjectsPageView.test.tsx:103:7)
    at Object.asyncJestTest (C:\Lanit\vega-sp\node_modules\jest-jasmine2\build\jasmineAsyncInstall.js:100:37)
    at C:\Lanit\vega-sp\node_modules\jest-jasmine2\build\queueRunner.js:47:12
    at new Promise (&lt;anonymous&gt;)
    at mapper (C:\Lanit\vega-sp\node_modules\jest-jasmine2\build\queueRunner.js:30:19)
    at C:\Lanit\vega-sp\node_modules\jest-jasmine2\build\queueRunner.js:77:41
    at processTicksAndRejections (internal/process/task_queues.js:97:5)</failure>
    </testcase>
    <testcase classname="ProjectsPageView пагинация не показывает кнопку, если показаны все проекты" name="ProjectsPageView пагинация не показывает кнопку, если показаны все проекты" time="0.287">
      <failure>TestingLibraryElementError: Found multiple elements with the text: Загрузить ещё

(If this is intentional, then use the `*AllBy*` variant of the query (like `queryAllByText`, `getAllByText`, or `findAllByText`)).

&lt;body&gt;
  &lt;div&gt;
    &lt;div
      class=&quot;VegaProjectsPage&quot;
      data-testid=&quot;ProjectsPage:root&quot;
    &gt;
      &lt;div
        class=&quot;VegaProjectsPage__Container&quot;
      &gt;
        &lt;div
          class=&quot;VegaProjectsPage__Header&quot;
        &gt;
          &lt;div
            class=&quot;VegaProjectsPage__Heading&quot;
          &gt;
            &lt;h1
              class=&quot;Text Text_size_3xl Text_view_primary Text_weight_bold VegaProjectsPage__Title&quot;
              data-testid=&quot;ProjectsPage:root:title&quot;
            &gt;
              Проекты
            &lt;/h1&gt;
            &lt;span
              class=&quot;Text Text_size_s Text_view_secondary VegaProjectsPage__SearchResult&quot;
            &gt;
              20
               из 
              100
            &lt;/span&gt;
          &lt;/div&gt;
          &lt;div
            class=&quot;VegaProjectsPage__RightBlock&quot;
          &gt;
            &lt;div
              class=&quot;VegaProjectsPage__LinkBlock&quot;
            &gt;
              &lt;a
                data-testid=&quot;ProjectsPage:link:create&quot;
                href=&quot;/projects/create&quot;
              &gt;
                &lt;button
                  class=&quot;Button Button_size_s Button_view_primary Button_width_default Button_form_default MixFocus&quot;
                &gt;
                  Создать новый проект
                &lt;/button&gt;
              &lt;/a&gt;
            &lt;/div&gt;
            &lt;div
              class=&quot;VegaProjectsPage__TextFieldBlock&quot;
            &gt;
              &lt;div
                class=&quot;TextField TextField_size_s TextField_view_default TextField_form_default TextField_width_default TextField_type_input&quot;
              &gt;
                &lt;div
                  class=&quot;TextField-Side TextField-Side_position_left TextField-Side_type_icon&quot;
                &gt;
                  &lt;span
                    class=&quot;Icon Icon_size_s IconSearch TextField-Icon&quot;
                  &gt;
                    &lt;svg
                      class=&quot;Icon-Svg&quot;
                      viewBox=&quot;0 0 16 16&quot;
                    &gt;
                      &lt;path
                        clip-rule=&quot;evenodd&quot;
                        d=&quot;M9.618 11.032a5.5 5.5 0 111.414-1.414l3.97 3.969L13.586 15l-3.97-3.97zM10 6.5a3.5 3.5 0 11-7 0 3.5 3.5 0 017 0z&quot;
                        fill-rule=&quot;evenodd&quot;
                      /&gt;
                    &lt;/svg&gt;
                  &lt;/span&gt;
                &lt;/div&gt;
                &lt;input
                  class=&quot;TextField-Input&quot;
                  id=&quot;&quot;
                  placeholder=&quot;Введите название проекта или имя автора&quot;
                  type=&quot;input&quot;
                  value=&quot;&quot;
                /&gt;
              &lt;/div&gt;
            &lt;/div&gt;
          &lt;/div&gt;
        &lt;/div&gt;
        &lt;div
          class=&quot;VegaProjectsPage__Table&quot;
          data-testid=&quot;ProjectsPage:table&quot;
        &gt;
          &lt;div
            class=&quot;Table Table_size_l Table_zebraStriped_odd&quot;
            style=&quot;grid-template-columns: 260px 260px 260px 200px 260px 216px; --table-width: 0px;&quot;
          &gt;
            &lt;div
              class=&quot;TableCell TableCell_isResized TableCell_isSortable TableCell_isResizer TableCell_stickyOnTop TableCell_withoutBorder&quot;
              role=&quot;cell&quot;
            &gt;
              &lt;div
                class=&quot;TableCell-Wrapper TableCell-Wrapper_withoutPadding&quot;
              /&gt;
            &lt;/div&gt;
            &lt;div
              class=&quot;TableCell TableCell_isResized TableCell_isSortable TableCell_isResizer TableCell_stickyOnTop TableCell_withoutBorder&quot;
              role=&quot;cell&quot;
            &gt;
              &lt;div
                class=&quot;TableCell-Wrapper TableCell-Wrapper_withoutPadding&quot;
              /&gt;
            &lt;/div&gt;
            &lt;div
              class=&quot;TableCell TableCell_isResized TableCell_isSortable TableCell_isResizer TableCell_stickyOnTop TableCell_withoutBorder&quot;
              role=&quot;cell&quot;
            &gt;
              &lt;div
                class=&quot;TableCell-Wrapper TableCell-Wrapper_withoutPadding&quot;
              /&gt;
            &lt;/div&gt;
            &lt;div
              class=&quot;TableCell TableCell_isResized TableCell_isSortable TableCell_isResizer TableCell_stickyOnTop TableCell_withoutBorder&quot;
              role=&quot;cell&quot;
            &gt;
              &lt;div
                class=&quot;TableCell-Wrapper TableCell-Wrapper_withoutPadding&quot;
              /&gt;
            &lt;/div&gt;
            &lt;div
              class=&quot;TableCell TableCell_isResized TableCell_isSortable TableCell_isResizer TableCell_stickyOnTop TableCell_withoutBorder&quot;
              role=&quot;cell&quot;
            &gt;
              &lt;div
                class=&quot;TableCell-Wrapper TableCell-Wrapper_withoutPadding&quot;
              /&gt;
            &lt;/div&gt;
            &lt;div
              class=&quot;TableCell TableCell_isResized TableCell_isSortable TableCell_isResizer TableCell_stickyOnTop TableCell_withoutBorder&quot;
              role=&quot;cell&quot;
            &gt;
              &lt;div
                class=&quot;TableCell-Wrapper TableCell-Wrapper_withoutPadding&quot;
              /&gt;
            &lt;/div&gt;
            &lt;div
              class=&quot;TableHeader-Row&quot;
            &gt;
              &lt;div
                class=&quot;TableCell TableCell_isResized TableCell_isSortable TableCell_isHeader TableHeader-Cell TableHeader-Cell_isFirstColumn TableHeader-C...
    at Object.getElementError (C:\Lanit\vega-sp\node_modules\@testing-library\dom\dist\config.js:37:19)
    at getElementError (C:\Lanit\vega-sp\node_modules\@testing-library\dom\dist\query-helpers.js:25:35)
    at getMultipleElementsFoundError (C:\Lanit\vega-sp\node_modules\@testing-library\dom\dist\query-helpers.js:29:10)
    at C:\Lanit\vega-sp\node_modules\@testing-library\dom\dist\query-helpers.js:65:13
    at queryByText (C:\Lanit\vega-sp\node_modules\@testing-library\dom\dist\query-helpers.js:101:24)
    at Object.&lt;anonymous&gt; (C:\Lanit\vega-sp\src\pages\projects\ProjectsPageView.test.tsx:111:33)
    at Object.asyncJestTest (C:\Lanit\vega-sp\node_modules\jest-jasmine2\build\jasmineAsyncInstall.js:100:37)
    at C:\Lanit\vega-sp\node_modules\jest-jasmine2\build\queueRunner.js:47:12
    at new Promise (&lt;anonymous&gt;)
    at mapper (C:\Lanit\vega-sp\node_modules\jest-jasmine2\build\queueRunner.js:30:19)
    at C:\Lanit\vega-sp\node_modules\jest-jasmine2\build\queueRunner.js:77:41
    at processTicksAndRejections (internal/process/task_queues.js:97:5)</failure>
      <failure>TypeError: Only absolute URLs are supported
    at getNodeRequestOptions (C:\Lanit\vega-sp\node_modules\node-fetch\lib\index.js:1505:11)
    at C:\Lanit\vega-sp\node_modules\node-fetch\lib\index.js:1610:19
    at new Promise (&lt;anonymous&gt;)
    at fetch (C:\Lanit\vega-sp\node_modules\node-fetch\lib\index.js:1607:10)
    at fetch (C:\Lanit\vega-sp\node_modules\cross-fetch\dist\node-ponyfill.js:14:20)
    at create (C:\Lanit\vega-sp\src\pages\projects\ProjectsPageView.tsx:71:5)
    at commitHookEffectListMount (C:\Lanit\vega-sp\node_modules\react-dom\cjs\react-dom.development.js:19731:26)
    at apply (C:\Lanit\vega-sp\node_modules\react-dom\cjs\react-dom.development.js:19769:11)
    at HTMLUnknownElement.callCallback (C:\Lanit\vega-sp\node_modules\react-dom\cjs\react-dom.development.js:188:14)
    at innerInvokeEventListeners (C:\Lanit\vega-sp\node_modules\jsdom\lib\jsdom\living\events\EventTarget-impl.js:330:27)
    at invokeEventListeners (C:\Lanit\vega-sp\node_modules\jsdom\lib\jsdom\living\events\EventTarget-impl.js:281:3)
    at HTMLUnknownElementImpl._dispatch (C:\Lanit\vega-sp\node_modules\jsdom\lib\jsdom\living\events\EventTarget-impl.js:228:9)
    at HTMLUnknownElementImpl.dispatchEvent (C:\Lanit\vega-sp\node_modules\jsdom\lib\jsdom\living\events\EventTarget-impl.js:101:17)
    at HTMLUnknownElement.dispatchEvent (C:\Lanit\vega-sp\node_modules\jsdom\lib\jsdom\living\generated\EventTarget.js:207:34)
    at Object.apply (C:\Lanit\vega-sp\node_modules\react-dom\cjs\react-dom.development.js:237:16)
    at invokeGuardedCallback (C:\Lanit\vega-sp\node_modules\react-dom\cjs\react-dom.development.js:292:31)
    at flushPassiveEffectsImpl (C:\Lanit\vega-sp\node_modules\react-dom\cjs\react-dom.development.js:22853:9)
    at Scheduler_runWithPriority (C:\Lanit\vega-sp\node_modules\scheduler\cjs\scheduler.development.js:663:16)
    at runWithPriority$1 (C:\Lanit\vega-sp\node_modules\react-dom\cjs\react-dom.development.js:11039:10)
    at flushPassiveEffects (C:\Lanit\vega-sp\node_modules\react-dom\cjs\react-dom.development.js:22820:12)
    at callback (C:\Lanit\vega-sp\node_modules\react-dom\cjs\react-dom.development.js:21737:3)
    at C:\Lanit\vega-sp\node_modules\react-dom\cjs\react-dom.development.js:11089:24
    at Scheduler_runWithPriority (C:\Lanit\vega-sp\node_modules\scheduler\cjs\scheduler.development.js:663:16)
    at runWithPriority$1 (C:\Lanit\vega-sp\node_modules\react-dom\cjs\react-dom.development.js:11039:10)
    at flushSyncCallbackQueueImpl (C:\Lanit\vega-sp\node_modules\react-dom\cjs\react-dom.development.js:11084:7)
    at flushSyncCallbackQueue (C:\Lanit\vega-sp\node_modules\react-dom\cjs\react-dom.development.js:11072:3)
    at batchedUpdates (C:\Lanit\vega-sp\node_modules\react-dom\cjs\react-dom.development.js:21862:7)
    at act (C:\Lanit\vega-sp\node_modules\react-dom\cjs\react-dom-test-utils.development.js:929:14)
    at render (C:\Lanit\vega-sp\node_modules\@testing-library\react\dist\pure.js:96:3)
    at render (C:\Lanit\vega-sp\src\testing\react-testing-library.tsx:94:8)
    at renderComponent (C:\Lanit\vega-sp\src\pages\projects\ProjectsPageView.test.tsx:45:10)
    at Object.&lt;anonymous&gt; (C:\Lanit\vega-sp\src\pages\projects\ProjectsPageView.test.tsx:110:7)
    at Object.asyncJestTest (C:\Lanit\vega-sp\node_modules\jest-jasmine2\build\jasmineAsyncInstall.js:100:37)
    at C:\Lanit\vega-sp\node_modules\jest-jasmine2\build\queueRunner.js:47:12
    at new Promise (&lt;anonymous&gt;)
    at mapper (C:\Lanit\vega-sp\node_modules\jest-jasmine2\build\queueRunner.js:30:19)
    at C:\Lanit\vega-sp\node_modules\jest-jasmine2\build\queueRunner.js:77:41
    at processTicksAndRejections (internal/process/task_queues.js:97:5)</failure>
    </testcase>
  </testsuite>
  <testsuite name="useBrowserTabActivity" errors="0" failures="0" skipped="0" timestamp="2021-06-05T06:19:37" time="3.379" tests="9">
    <testcase classname="useBrowserTabActivity срабатывание слушателей при изменении видимости таба при становлении таба видимым обработчики срабатывают в правильном порядке" name="useBrowserTabActivity срабатывание слушателей при изменении видимости таба при становлении таба видимым обработчики срабатывают в правильном порядке" time="0.074">
    </testcase>
    <testcase classname="useBrowserTabActivity срабатывание слушателей при изменении видимости таба при скрытии таба обработчики срабатывают в правильном порядке" name="useBrowserTabActivity срабатывание слушателей при изменении видимости таба при скрытии таба обработчики срабатывают в правильном порядке" time="0.018">
    </testcase>
    <testcase classname="useBrowserTabActivity срабатывание слушателей при изменении видимости таба при смене состояния таба вызывается onVisibilityChange с корректными аргументами" name="useBrowserTabActivity срабатывание слушателей при изменении видимости таба при смене состояния таба вызывается onVisibilityChange с корректными аргументами" time="0.029">
    </testcase>
    <testcase classname="useBrowserTabActivity срабатывание слушателей при изменении видимости таба при смене состояния таба вызывается onActivityChange с корректными аргументами" name="useBrowserTabActivity срабатывание слушателей при изменении видимости таба при смене состояния таба вызывается onActivityChange с корректными аргументами" time="0.014">
    </testcase>
    <testcase classname="useBrowserTabActivity срабатывание слушателей при событии focus при событии focus обработчики вызываются в правильном порядке" name="useBrowserTabActivity срабатывание слушателей при событии focus при событии focus обработчики вызываются в правильном порядке" time="0.034">
    </testcase>
    <testcase classname="useBrowserTabActivity срабатывание слушателей при событии focus при событии focus вызывается onActivityChange с корректными аргументами" name="useBrowserTabActivity срабатывание слушателей при событии focus при событии focus вызывается onActivityChange с корректными аргументами" time="0.013">
    </testcase>
    <testcase classname="useBrowserTabActivity срабатывание слушателей при событии blur при событии blur обработчики вызываются в правильном порядке" name="useBrowserTabActivity срабатывание слушателей при событии blur при событии blur обработчики вызываются в правильном порядке" time="0.027">
    </testcase>
    <testcase classname="useBrowserTabActivity срабатывание слушателей при событии blur при событии blur вызывается onActivityChange с корректными аргументами" name="useBrowserTabActivity срабатывание слушателей при событии blur при событии blur вызывается onActivityChange с корректными аргументами" time="0.017">
    </testcase>
    <testcase classname="useBrowserTabActivity функция-обозреватель вызывается при изменении состояния" name="useBrowserTabActivity функция-обозреватель вызывается при изменении состояния" time="0.072">
    </testcase>
  </testsuite>
  <testsuite name="projectsMapper" errors="0" failures="0" skipped="1" timestamp="2021-06-05T06:19:37" time="3.138" tests="6">
    <testcase classname="projectsMapper возвращается массив с верным количеством элементов" name="projectsMapper возвращается массив с верным количеством элементов" time="0.014">
    </testcase>
    <testcase classname="projectsMapper возвращается массив с ожидаемыми данными" name="projectsMapper возвращается массив с ожидаемыми данными" time="0">
      <skipped/>
    </testcase>
    <testcase classname="projectsMapper возвращается пустой массив при отсутствии проектов" name="projectsMapper возвращается пустой массив при отсутствии проектов" time="0.003">
    </testcase>
    <testcase classname="projectsMapper возвращается пустой массив при отсутствии проектов (data[null])" name="projectsMapper возвращается пустой массив при отсутствии проектов (data[null])" time="0.001">
    </testcase>
    <testcase classname="projectsMapper возвращается пустой массив при отсутствии проектов (нет __typename)" name="projectsMapper возвращается пустой массив при отсутствии проектов (нет __typename)" time="0.001">
    </testcase>
    <testcase classname="projectsMapper возвращается массив c элементами по умолчанию" name="projectsMapper возвращается массив c элементами по умолчанию" time="0.007">
    </testcase>
  </testsuite>
  <testsuite name="useDebouncedFunction" errors="0" failures="0" skipped="0" timestamp="2021-06-05T06:19:38" time="2.953" tests="3">
    <testcase classname="useDebouncedFunction функция срабатывает через заданное время" name="useDebouncedFunction функция срабатывает через заданное время" time="0.105">
    </testcase>
    <testcase classname="useDebouncedFunction функция не срабатывает после unmount" name="useDebouncedFunction функция не срабатывает после unmount" time="0.024">
    </testcase>
    <testcase classname="useDebouncedFunction срабатывает новая переданная функция" name="useDebouncedFunction срабатывает новая переданная функция" time="0.044">
    </testcase>
  </testsuite>
  <testsuite name="AppView" errors="0" failures="1" skipped="0" timestamp="2021-06-05T06:18:43" time="58.818" tests="2">
    <testcase classname="AppView рендерится без ошибок" name="AppView рендерится без ошибок" time="0.068">
    </testcase>
    <testcase classname="AppView рендерится приложение" name="AppView рендерится приложение" time="1.202">
      <failure>TypeError: Only absolute URLs are supported
    at getNodeRequestOptions (C:\Lanit\vega-sp\node_modules\node-fetch\lib\index.js:1505:11)
    at C:\Lanit\vega-sp\node_modules\node-fetch\lib\index.js:1610:19
    at new Promise (&lt;anonymous&gt;)
    at fetch (C:\Lanit\vega-sp\node_modules\node-fetch\lib\index.js:1607:10)
    at fetch (C:\Lanit\vega-sp\node_modules\cross-fetch\dist\node-ponyfill.js:14:20)
    at create (C:\Lanit\vega-sp\src\pages\projects\ProjectsPageView.tsx:71:5)
    at commitHookEffectListMount (C:\Lanit\vega-sp\node_modules\react-dom\cjs\react-dom.development.js:19731:26)
    at apply (C:\Lanit\vega-sp\node_modules\react-dom\cjs\react-dom.development.js:19769:11)
    at HTMLUnknownElement.callCallback (C:\Lanit\vega-sp\node_modules\react-dom\cjs\react-dom.development.js:188:14)
    at innerInvokeEventListeners (C:\Lanit\vega-sp\node_modules\jsdom\lib\jsdom\living\events\EventTarget-impl.js:330:27)
    at invokeEventListeners (C:\Lanit\vega-sp\node_modules\jsdom\lib\jsdom\living\events\EventTarget-impl.js:281:3)
    at HTMLUnknownElementImpl._dispatch (C:\Lanit\vega-sp\node_modules\jsdom\lib\jsdom\living\events\EventTarget-impl.js:228:9)
    at HTMLUnknownElementImpl.dispatchEvent (C:\Lanit\vega-sp\node_modules\jsdom\lib\jsdom\living\events\EventTarget-impl.js:101:17)
    at HTMLUnknownElement.dispatchEvent (C:\Lanit\vega-sp\node_modules\jsdom\lib\jsdom\living\generated\EventTarget.js:207:34)
    at Object.apply (C:\Lanit\vega-sp\node_modules\react-dom\cjs\react-dom.development.js:237:16)
    at invokeGuardedCallback (C:\Lanit\vega-sp\node_modules\react-dom\cjs\react-dom.development.js:292:31)
    at flushPassiveEffectsImpl (C:\Lanit\vega-sp\node_modules\react-dom\cjs\react-dom.development.js:22853:9)
    at Scheduler_runWithPriority (C:\Lanit\vega-sp\node_modules\scheduler\cjs\scheduler.development.js:663:16)
    at runWithPriority$1 (C:\Lanit\vega-sp\node_modules\react-dom\cjs\react-dom.development.js:11039:10)
    at flushPassiveEffects (C:\Lanit\vega-sp\node_modules\react-dom\cjs\react-dom.development.js:22820:12)
    at flushWork (C:\Lanit\vega-sp\node_modules\react-dom\cjs\react-dom-test-utils.development.js:876:10)
    at act (C:\Lanit\vega-sp\node_modules\react-dom\cjs\react-dom-test-utils.development.js:994:9)
    at render (C:\Lanit\vega-sp\node_modules\@testing-library\react\dist\pure.js:96:3)
    at render (C:\Lanit\vega-sp\src\testing\react-testing-library.tsx:94:8)
    at call (C:\Lanit\vega-sp\src\App\AppView.test.tsx:14:5)
    at tryCatch (C:\Lanit\vega-sp\node_modules\regenerator-runtime\runtime.js:63:40)
    at Generator._invoke (C:\Lanit\vega-sp\node_modules\regenerator-runtime\runtime.js:293:22)
    at Generator.next (C:\Lanit\vega-sp\node_modules\regenerator-runtime\runtime.js:118:21)
    at asyncGeneratorStep (C:\Lanit\vega-sp\node_modules\@babel\runtime\helpers\asyncToGenerator.js:3:16)
    at _next (C:\Lanit\vega-sp\node_modules\@babel\runtime\helpers\asyncToGenerator.js:25:9)
    at C:\Lanit\vega-sp\node_modules\@babel\runtime\helpers\asyncToGenerator.js:32:7
    at new Promise (&lt;anonymous&gt;)
    at Object.&lt;anonymous&gt; (C:\Lanit\vega-sp\node_modules\@babel\runtime\helpers\asyncToGenerator.js:21:12)
    at Object.asyncJestTest (C:\Lanit\vega-sp\node_modules\jest-jasmine2\build\jasmineAsyncInstall.js:100:37)
    at C:\Lanit\vega-sp\node_modules\jest-jasmine2\build\queueRunner.js:47:12
    at new Promise (&lt;anonymous&gt;)
    at mapper (C:\Lanit\vega-sp\node_modules\jest-jasmine2\build\queueRunner.js:30:19)
    at C:\Lanit\vega-sp\node_modules\jest-jasmine2\build\queueRunner.js:77:41</failure>
    </testcase>
  </testsuite>
  <testsuite name="App" errors="0" failures="0" skipped="0" timestamp="2021-06-05T06:19:37" time="5.833" tests="1">
    <testcase classname="App рендерится без ошибок" name="App рендерится без ошибок" time="0.067">
    </testcase>
  </testsuite>
  <testsuite name="ProjectsPage" errors="0" failures="10" skipped="1" timestamp="2021-06-05T06:17:27" time="135.633" tests="11">
    <testcase classname="ProjectsPage отрисовывается индикатор загрузки" name="ProjectsPage отрисовывается индикатор загрузки" time="1.37">
      <failure>TypeError: Only absolute URLs are supported
    at getNodeRequestOptions (C:\Lanit\vega-sp\node_modules\node-fetch\lib\index.js:1505:11)
    at C:\Lanit\vega-sp\node_modules\node-fetch\lib\index.js:1610:19
    at new Promise (&lt;anonymous&gt;)
    at fetch (C:\Lanit\vega-sp\node_modules\node-fetch\lib\index.js:1607:10)
    at fetch (C:\Lanit\vega-sp\node_modules\cross-fetch\dist\node-ponyfill.js:14:20)
    at create (C:\Lanit\vega-sp\src\pages\projects\ProjectsPageView.tsx:71:5)
    at commitHookEffectListMount (C:\Lanit\vega-sp\node_modules\react-dom\cjs\react-dom.development.js:19731:26)
    at apply (C:\Lanit\vega-sp\node_modules\react-dom\cjs\react-dom.development.js:19769:11)
    at HTMLUnknownElement.callCallback (C:\Lanit\vega-sp\node_modules\react-dom\cjs\react-dom.development.js:188:14)
    at innerInvokeEventListeners (C:\Lanit\vega-sp\node_modules\jsdom\lib\jsdom\living\events\EventTarget-impl.js:330:27)
    at invokeEventListeners (C:\Lanit\vega-sp\node_modules\jsdom\lib\jsdom\living\events\EventTarget-impl.js:281:3)
    at HTMLUnknownElementImpl._dispatch (C:\Lanit\vega-sp\node_modules\jsdom\lib\jsdom\living\events\EventTarget-impl.js:228:9)
    at HTMLUnknownElementImpl.dispatchEvent (C:\Lanit\vega-sp\node_modules\jsdom\lib\jsdom\living\events\EventTarget-impl.js:101:17)
    at HTMLUnknownElement.dispatchEvent (C:\Lanit\vega-sp\node_modules\jsdom\lib\jsdom\living\generated\EventTarget.js:207:34)
    at Object.apply (C:\Lanit\vega-sp\node_modules\react-dom\cjs\react-dom.development.js:237:16)
    at invokeGuardedCallback (C:\Lanit\vega-sp\node_modules\react-dom\cjs\react-dom.development.js:292:31)
    at flushPassiveEffectsImpl (C:\Lanit\vega-sp\node_modules\react-dom\cjs\react-dom.development.js:22853:9)
    at Scheduler_runWithPriority (C:\Lanit\vega-sp\node_modules\scheduler\cjs\scheduler.development.js:663:16)
    at runWithPriority$1 (C:\Lanit\vega-sp\node_modules\react-dom\cjs\react-dom.development.js:11039:10)
    at flushPassiveEffects (C:\Lanit\vega-sp\node_modules\react-dom\cjs\react-dom.development.js:22820:12)
    at flushWork (C:\Lanit\vega-sp\node_modules\react-dom\cjs\react-dom-test-utils.development.js:876:10)
    at act (C:\Lanit\vega-sp\node_modules\react-dom\cjs\react-dom-test-utils.development.js:994:9)
    at render (C:\Lanit\vega-sp\node_modules\@testing-library\react\dist\pure.js:96:3)
    at render (C:\Lanit\vega-sp\src\testing\react-testing-library.tsx:94:8)
    at call (C:\Lanit\vega-sp\src\pages\projects\ProjectsPage.test.tsx:30:11)
    at tryCatch (C:\Lanit\vega-sp\node_modules\regenerator-runtime\runtime.js:63:40)
    at Generator._invoke (C:\Lanit\vega-sp\node_modules\regenerator-runtime\runtime.js:293:22)
    at Generator.next (C:\Lanit\vega-sp\node_modules\regenerator-runtime\runtime.js:118:21)
    at asyncGeneratorStep (C:\Lanit\vega-sp\node_modules\@babel\runtime\helpers\asyncToGenerator.js:3:16)
    at _next (C:\Lanit\vega-sp\node_modules\@babel\runtime\helpers\asyncToGenerator.js:25:9)
    at C:\Lanit\vega-sp\node_modules\@babel\runtime\helpers\asyncToGenerator.js:32:7
    at new Promise (&lt;anonymous&gt;)
    at Object.&lt;anonymous&gt; (C:\Lanit\vega-sp\node_modules\@babel\runtime\helpers\asyncToGenerator.js:21:12)
    at Object.asyncJestTest (C:\Lanit\vega-sp\node_modules\jest-jasmine2\build\jasmineAsyncInstall.js:100:37)
    at C:\Lanit\vega-sp\node_modules\jest-jasmine2\build\queueRunner.js:47:12
    at new Promise (&lt;anonymous&gt;)
    at mapper (C:\Lanit\vega-sp\node_modules\jest-jasmine2\build\queueRunner.js:30:19)
    at C:\Lanit\vega-sp\node_modules\jest-jasmine2\build\queueRunner.js:77:41
    at processTicksAndRejections (internal/process/task_queues.js:97:5)</failure>
    </testcase>
    <testcase classname="ProjectsPage отрисовывается страница c данными" name="ProjectsPage отрисовывается страница c данными" time="0.087">
      <failure>TypeError: Only absolute URLs are supported
    at getNodeRequestOptions (C:\Lanit\vega-sp\node_modules\node-fetch\lib\index.js:1505:11)
    at C:\Lanit\vega-sp\node_modules\node-fetch\lib\index.js:1610:19
    at new Promise (&lt;anonymous&gt;)
    at fetch (C:\Lanit\vega-sp\node_modules\node-fetch\lib\index.js:1607:10)
    at fetch (C:\Lanit\vega-sp\node_modules\cross-fetch\dist\node-ponyfill.js:14:20)
    at create (C:\Lanit\vega-sp\src\pages\projects\ProjectsPageView.tsx:71:5)
    at commitHookEffectListMount (C:\Lanit\vega-sp\node_modules\react-dom\cjs\react-dom.development.js:19731:26)
    at apply (C:\Lanit\vega-sp\node_modules\react-dom\cjs\react-dom.development.js:19769:11)
    at HTMLUnknownElement.callCallback (C:\Lanit\vega-sp\node_modules\react-dom\cjs\react-dom.development.js:188:14)
    at innerInvokeEventListeners (C:\Lanit\vega-sp\node_modules\jsdom\lib\jsdom\living\events\EventTarget-impl.js:330:27)
    at invokeEventListeners (C:\Lanit\vega-sp\node_modules\jsdom\lib\jsdom\living\events\EventTarget-impl.js:281:3)
    at HTMLUnknownElementImpl._dispatch (C:\Lanit\vega-sp\node_modules\jsdom\lib\jsdom\living\events\EventTarget-impl.js:228:9)
    at HTMLUnknownElementImpl.dispatchEvent (C:\Lanit\vega-sp\node_modules\jsdom\lib\jsdom\living\events\EventTarget-impl.js:101:17)
    at HTMLUnknownElement.dispatchEvent (C:\Lanit\vega-sp\node_modules\jsdom\lib\jsdom\living\generated\EventTarget.js:207:34)
    at Object.apply (C:\Lanit\vega-sp\node_modules\react-dom\cjs\react-dom.development.js:237:16)
    at invokeGuardedCallback (C:\Lanit\vega-sp\node_modules\react-dom\cjs\react-dom.development.js:292:31)
    at flushPassiveEffectsImpl (C:\Lanit\vega-sp\node_modules\react-dom\cjs\react-dom.development.js:22853:9)
    at Scheduler_runWithPriority (C:\Lanit\vega-sp\node_modules\scheduler\cjs\scheduler.development.js:663:16)
    at runWithPriority$1 (C:\Lanit\vega-sp\node_modules\react-dom\cjs\react-dom.development.js:11039:10)
    at flushPassiveEffects (C:\Lanit\vega-sp\node_modules\react-dom\cjs\react-dom.development.js:22820:12)
    at flushWork (C:\Lanit\vega-sp\node_modules\react-dom\cjs\react-dom-test-utils.development.js:876:10)
    at act (C:\Lanit\vega-sp\node_modules\react-dom\cjs\react-dom-test-utils.development.js:994:9)
    at render (C:\Lanit\vega-sp\node_modules\@testing-library\react\dist\pure.js:96:3)
    at render (C:\Lanit\vega-sp\src\testing\react-testing-library.tsx:94:8)
    at call (C:\Lanit\vega-sp\src\pages\projects\ProjectsPage.test.tsx:39:11)
    at tryCatch (C:\Lanit\vega-sp\node_modules\regenerator-runtime\runtime.js:63:40)
    at Generator._invoke (C:\Lanit\vega-sp\node_modules\regenerator-runtime\runtime.js:293:22)
    at Generator.next (C:\Lanit\vega-sp\node_modules\regenerator-runtime\runtime.js:118:21)
    at asyncGeneratorStep (C:\Lanit\vega-sp\node_modules\@babel\runtime\helpers\asyncToGenerator.js:3:16)
    at _next (C:\Lanit\vega-sp\node_modules\@babel\runtime\helpers\asyncToGenerator.js:25:9)
    at C:\Lanit\vega-sp\node_modules\@babel\runtime\helpers\asyncToGenerator.js:32:7
    at new Promise (&lt;anonymous&gt;)
    at Object.&lt;anonymous&gt; (C:\Lanit\vega-sp\node_modules\@babel\runtime\helpers\asyncToGenerator.js:21:12)
    at Object.asyncJestTest (C:\Lanit\vega-sp\node_modules\jest-jasmine2\build\jasmineAsyncInstall.js:100:37)
    at C:\Lanit\vega-sp\node_modules\jest-jasmine2\build\queueRunner.js:47:12
    at new Promise (&lt;anonymous&gt;)
    at mapper (C:\Lanit\vega-sp\node_modules\jest-jasmine2\build\queueRunner.js:30:19)
    at C:\Lanit\vega-sp\node_modules\jest-jasmine2\build\queueRunner.js:77:41
    at processTicksAndRejections (internal/process/task_queues.js:97:5)</failure>
    </testcase>
    <testcase classname="ProjectsPage проект помечается избранным" name="ProjectsPage проект помечается избранным" time="0.091">
      <failure>TypeError: Only absolute URLs are supported
    at getNodeRequestOptions (C:\Lanit\vega-sp\node_modules\node-fetch\lib\index.js:1505:11)
    at C:\Lanit\vega-sp\node_modules\node-fetch\lib\index.js:1610:19
    at new Promise (&lt;anonymous&gt;)
    at fetch (C:\Lanit\vega-sp\node_modules\node-fetch\lib\index.js:1607:10)
    at fetch (C:\Lanit\vega-sp\node_modules\cross-fetch\dist\node-ponyfill.js:14:20)
    at create (C:\Lanit\vega-sp\src\pages\projects\ProjectsPageView.tsx:71:5)
    at commitHookEffectListMount (C:\Lanit\vega-sp\node_modules\react-dom\cjs\react-dom.development.js:19731:26)
    at apply (C:\Lanit\vega-sp\node_modules\react-dom\cjs\react-dom.development.js:19769:11)
    at HTMLUnknownElement.callCallback (C:\Lanit\vega-sp\node_modules\react-dom\cjs\react-dom.development.js:188:14)
    at innerInvokeEventListeners (C:\Lanit\vega-sp\node_modules\jsdom\lib\jsdom\living\events\EventTarget-impl.js:330:27)
    at invokeEventListeners (C:\Lanit\vega-sp\node_modules\jsdom\lib\jsdom\living\events\EventTarget-impl.js:281:3)
    at HTMLUnknownElementImpl._dispatch (C:\Lanit\vega-sp\node_modules\jsdom\lib\jsdom\living\events\EventTarget-impl.js:228:9)
    at HTMLUnknownElementImpl.dispatchEvent (C:\Lanit\vega-sp\node_modules\jsdom\lib\jsdom\living\events\EventTarget-impl.js:101:17)
    at HTMLUnknownElement.dispatchEvent (C:\Lanit\vega-sp\node_modules\jsdom\lib\jsdom\living\generated\EventTarget.js:207:34)
    at Object.apply (C:\Lanit\vega-sp\node_modules\react-dom\cjs\react-dom.development.js:237:16)
    at invokeGuardedCallback (C:\Lanit\vega-sp\node_modules\react-dom\cjs\react-dom.development.js:292:31)
    at flushPassiveEffectsImpl (C:\Lanit\vega-sp\node_modules\react-dom\cjs\react-dom.development.js:22853:9)
    at Scheduler_runWithPriority (C:\Lanit\vega-sp\node_modules\scheduler\cjs\scheduler.development.js:663:16)
    at runWithPriority$1 (C:\Lanit\vega-sp\node_modules\react-dom\cjs\react-dom.development.js:11039:10)
    at flushPassiveEffects (C:\Lanit\vega-sp\node_modules\react-dom\cjs\react-dom.development.js:22820:12)
    at performSyncWorkOnRoot (C:\Lanit\vega-sp\node_modules\react-dom\cjs\react-dom.development.js:21737:3)
    at scheduleWork (C:\Lanit\vega-sp\node_modules\react-dom\cjs\react-dom.development.js:21188:7)
    at updateContainer (C:\Lanit\vega-sp\node_modules\react-dom\cjs\react-dom.development.js:24373:3)
    at legacyRenderSubtreeIntoContainer (C:\Lanit\vega-sp\node_modules\react-dom\cjs\react-dom.development.js:24774:5)
    at fn (C:\Lanit\vega-sp\node_modules\react-dom\cjs\react-dom.development.js:24884:7)
    at unbatchedUpdates (C:\Lanit\vega-sp\node_modules\react-dom\cjs\react-dom.development.js:21903:12)
    at Object.unmountComponentAtNode (C:\Lanit\vega-sp\node_modules\react-dom\cjs\react-dom.development.js:24883:5)
    at forEach (C:\Lanit\vega-sp\node_modules\@testing-library\react\dist\pure.js:139:21)
    at Set.forEach (&lt;anonymous&gt;)
    at call (C:\Lanit\vega-sp\node_modules\@testing-library\react\dist\pure.js:133:21)
    at tryCatch (C:\Lanit\vega-sp\node_modules\regenerator-runtime\runtime.js:63:40)
    at Generator._invoke (C:\Lanit\vega-sp\node_modules\regenerator-runtime\runtime.js:293:22)
    at Generator.next (C:\Lanit\vega-sp\node_modules\regenerator-runtime\runtime.js:118:21)
    at asyncGeneratorStep (C:\Lanit\vega-sp\node_modules\@testing-library\react\node_modules\@babel\runtime\helpers\asyncToGenerator.js:5:24)
    at _next (C:\Lanit\vega-sp\node_modules\@testing-library\react\node_modules\@babel\runtime\helpers\asyncToGenerator.js:27:9)
    at runNextTicks (internal/process/task_queues.js:62:5)
    at processImmediate (internal/timers.js:429:9)</failure>
    </testcase>
    <testcase classname="ProjectsPage обрабатывается ошибка при добавление в избранное" name="ProjectsPage обрабатывается ошибка при добавление в избранное" time="0.064">
      <failure>TypeError: Only absolute URLs are supported
    at getNodeRequestOptions (C:\Lanit\vega-sp\node_modules\node-fetch\lib\index.js:1505:11)
    at C:\Lanit\vega-sp\node_modules\node-fetch\lib\index.js:1610:19
    at new Promise (&lt;anonymous&gt;)
    at fetch (C:\Lanit\vega-sp\node_modules\node-fetch\lib\index.js:1607:10)
    at fetch (C:\Lanit\vega-sp\node_modules\cross-fetch\dist\node-ponyfill.js:14:20)
    at create (C:\Lanit\vega-sp\src\pages\projects\ProjectsPageView.tsx:71:5)
    at commitHookEffectListMount (C:\Lanit\vega-sp\node_modules\react-dom\cjs\react-dom.development.js:19731:26)
    at apply (C:\Lanit\vega-sp\node_modules\react-dom\cjs\react-dom.development.js:19769:11)
    at HTMLUnknownElement.callCallback (C:\Lanit\vega-sp\node_modules\react-dom\cjs\react-dom.development.js:188:14)
    at innerInvokeEventListeners (C:\Lanit\vega-sp\node_modules\jsdom\lib\jsdom\living\events\EventTarget-impl.js:330:27)
    at invokeEventListeners (C:\Lanit\vega-sp\node_modules\jsdom\lib\jsdom\living\events\EventTarget-impl.js:281:3)
    at HTMLUnknownElementImpl._dispatch (C:\Lanit\vega-sp\node_modules\jsdom\lib\jsdom\living\events\EventTarget-impl.js:228:9)
    at HTMLUnknownElementImpl.dispatchEvent (C:\Lanit\vega-sp\node_modules\jsdom\lib\jsdom\living\events\EventTarget-impl.js:101:17)
    at HTMLUnknownElement.dispatchEvent (C:\Lanit\vega-sp\node_modules\jsdom\lib\jsdom\living\generated\EventTarget.js:207:34)
    at Object.apply (C:\Lanit\vega-sp\node_modules\react-dom\cjs\react-dom.development.js:237:16)
    at invokeGuardedCallback (C:\Lanit\vega-sp\node_modules\react-dom\cjs\react-dom.development.js:292:31)
    at flushPassiveEffectsImpl (C:\Lanit\vega-sp\node_modules\react-dom\cjs\react-dom.development.js:22853:9)
    at Scheduler_runWithPriority (C:\Lanit\vega-sp\node_modules\scheduler\cjs\scheduler.development.js:663:16)
    at runWithPriority$1 (C:\Lanit\vega-sp\node_modules\react-dom\cjs\react-dom.development.js:11039:10)
    at flushPassiveEffects (C:\Lanit\vega-sp\node_modules\react-dom\cjs\react-dom.development.js:22820:12)
    at performSyncWorkOnRoot (C:\Lanit\vega-sp\node_modules\react-dom\cjs\react-dom.development.js:21737:3)
    at scheduleWork (C:\Lanit\vega-sp\node_modules\react-dom\cjs\react-dom.development.js:21188:7)
    at updateContainer (C:\Lanit\vega-sp\node_modules\react-dom\cjs\react-dom.development.js:24373:3)
    at legacyRenderSubtreeIntoContainer (C:\Lanit\vega-sp\node_modules\react-dom\cjs\react-dom.development.js:24774:5)
    at fn (C:\Lanit\vega-sp\node_modules\react-dom\cjs\react-dom.development.js:24884:7)
    at unbatchedUpdates (C:\Lanit\vega-sp\node_modules\react-dom\cjs\react-dom.development.js:21903:12)
    at Object.unmountComponentAtNode (C:\Lanit\vega-sp\node_modules\react-dom\cjs\react-dom.development.js:24883:5)
    at forEach (C:\Lanit\vega-sp\node_modules\@testing-library\react\dist\pure.js:139:21)
    at Set.forEach (&lt;anonymous&gt;)
    at call (C:\Lanit\vega-sp\node_modules\@testing-library\react\dist\pure.js:133:21)
    at tryCatch (C:\Lanit\vega-sp\node_modules\regenerator-runtime\runtime.js:63:40)
    at Generator._invoke (C:\Lanit\vega-sp\node_modules\regenerator-runtime\runtime.js:293:22)
    at Generator.next (C:\Lanit\vega-sp\node_modules\regenerator-runtime\runtime.js:118:21)
    at asyncGeneratorStep (C:\Lanit\vega-sp\node_modules\@testing-library\react\node_modules\@babel\runtime\helpers\asyncToGenerator.js:5:24)
    at _next (C:\Lanit\vega-sp\node_modules\@testing-library\react\node_modules\@babel\runtime\helpers\asyncToGenerator.js:27:9)</failure>
    </testcase>
    <testcase classname="ProjectsPage проект удаляется" name="ProjectsPage проект удаляется" time="0.093">
      <failure>TypeError: Only absolute URLs are supported
    at getNodeRequestOptions (C:\Lanit\vega-sp\node_modules\node-fetch\lib\index.js:1505:11)
    at C:\Lanit\vega-sp\node_modules\node-fetch\lib\index.js:1610:19
    at new Promise (&lt;anonymous&gt;)
    at fetch (C:\Lanit\vega-sp\node_modules\node-fetch\lib\index.js:1607:10)
    at fetch (C:\Lanit\vega-sp\node_modules\cross-fetch\dist\node-ponyfill.js:14:20)
    at create (C:\Lanit\vega-sp\src\pages\projects\ProjectsPageView.tsx:71:5)
    at commitHookEffectListMount (C:\Lanit\vega-sp\node_modules\react-dom\cjs\react-dom.development.js:19731:26)
    at apply (C:\Lanit\vega-sp\node_modules\react-dom\cjs\react-dom.development.js:19769:11)
    at HTMLUnknownElement.callCallback (C:\Lanit\vega-sp\node_modules\react-dom\cjs\react-dom.development.js:188:14)
    at innerInvokeEventListeners (C:\Lanit\vega-sp\node_modules\jsdom\lib\jsdom\living\events\EventTarget-impl.js:330:27)
    at invokeEventListeners (C:\Lanit\vega-sp\node_modules\jsdom\lib\jsdom\living\events\EventTarget-impl.js:281:3)
    at HTMLUnknownElementImpl._dispatch (C:\Lanit\vega-sp\node_modules\jsdom\lib\jsdom\living\events\EventTarget-impl.js:228:9)
    at HTMLUnknownElementImpl.dispatchEvent (C:\Lanit\vega-sp\node_modules\jsdom\lib\jsdom\living\events\EventTarget-impl.js:101:17)
    at HTMLUnknownElement.dispatchEvent (C:\Lanit\vega-sp\node_modules\jsdom\lib\jsdom\living\generated\EventTarget.js:207:34)
    at Object.apply (C:\Lanit\vega-sp\node_modules\react-dom\cjs\react-dom.development.js:237:16)
    at invokeGuardedCallback (C:\Lanit\vega-sp\node_modules\react-dom\cjs\react-dom.development.js:292:31)
    at flushPassiveEffectsImpl (C:\Lanit\vega-sp\node_modules\react-dom\cjs\react-dom.development.js:22853:9)
    at Scheduler_runWithPriority (C:\Lanit\vega-sp\node_modules\scheduler\cjs\scheduler.development.js:663:16)
    at runWithPriority$1 (C:\Lanit\vega-sp\node_modules\react-dom\cjs\react-dom.development.js:11039:10)
    at flushPassiveEffects (C:\Lanit\vega-sp\node_modules\react-dom\cjs\react-dom.development.js:22820:12)
    at C:\Lanit\vega-sp\node_modules\react-dom\cjs\react-dom.development.js:22699:11
    at workLoop (C:\Lanit\vega-sp\node_modules\scheduler\cjs\scheduler.development.js:607:38)
    at flushWork (C:\Lanit\vega-sp\node_modules\scheduler\cjs\scheduler.development.js:563:20)
    at _flushCallback (C:\Lanit\vega-sp\node_modules\scheduler\cjs\scheduler.development.js:44:13)
    at Timeout.task [as _onTimeout] (C:\Lanit\vega-sp\node_modules\jsdom\lib\jsdom\browser\Window.js:391:19)
    at listOnTimeout (internal/timers.js:549:17)
    at processTimers (internal/timers.js:492:7)</failure>
    </testcase>
    <testcase classname="ProjectsPage модальное окно закрывается при отмене удаления" name="ProjectsPage модальное окно закрывается при отмене удаления" time="0.352">
      <failure>Error: No more mocked responses for the query: query ProjectsTableList($includeBlank: Boolean!, $pageNumber: Int!, $pageSize: Int!, $orderBy: ProjectOrderByEnum, $sortBy: SortType) {
  __typename
  projects: projectList(includeBlank: $includeBlank, pageNumber: $pageNumber, pageSize: $pageSize, orderBy: $orderBy, sortBy: $sortBy) {
    ... on ProjectList {
      data: projectList {
        vid
        isFavorite
        name
        version
        description
        status
        attendees {
          user {
            name
            role
            __typename
          }
          roles {
            name
            __typename
          }
          __typename
        }
        region {
          name
          __typename
        }
        editedAt
        createdAt
        createdBy {
          name
          vid
          __typename
        }
        __typename
      }
      itemsTotal
      __typename
    }
    ... on Error {
      code
      message
      details
      __typename
    }
    __typename
  }
}
, variables: {&quot;pageNumber&quot;:1,&quot;pageSize&quot;:20,&quot;includeBlank&quot;:false,&quot;fullTextSearchBy&quot;:&quot;ProjectsTableList&quot;}
    at MockLink.request (C:\Lanit\vega-sp\node_modules\@apollo\client\utilities\testing\mocking\mockLink.js:87:20)
    at Object.execute (C:\Lanit\vega-sp\node_modules\@apollo\client\link\core\ApolloLink.js:69:14)
    at QueryManager.getObservableFromLink (C:\Lanit\vega-sp\node_modules\@apollo\client\core\QueryManager.js:423:25)
    at QueryManager.getResultsFromLink (C:\Lanit\vega-sp\node_modules\@apollo\client\core\QueryManager.js:461:30)
    at resultsFromLink (C:\Lanit\vega-sp\node_modules\@apollo\client\core\QueryManager.js:576:26)
    at QueryManager.fetchQueryByPolicy (C:\Lanit\vega-sp\node_modules\@apollo\client\core\QueryManager.js:619:25)
    at fromVariables (C:\Lanit\vega-sp\node_modules\@apollo\client\core\QueryManager.js:524:26)
    at QueryManager.fetchQueryObservable (C:\Lanit\vega-sp\node_modules\@apollo\client\core\QueryManager.js:531:15)
    at Reobserver.fetch (C:\Lanit\vega-sp\node_modules\@apollo\client\core\ObservableQuery.js:312:33)
    at Reobserver.reobserve (C:\Lanit\vega-sp\node_modules\@apollo\client\core\Reobserver.js:18:28)
    at ObservableQuery.reobserve (C:\Lanit\vega-sp\node_modules\@apollo\client\core\ObservableQuery.js:317:37)
    at ObservableQuery.onSubscribe (C:\Lanit\vega-sp\node_modules\@apollo\client\core\ObservableQuery.js:294:18)
    at C:\Lanit\vega-sp\node_modules\@apollo\client\core\ObservableQuery.js:13:26
    at new Subscription (C:\Lanit\vega-sp\node_modules\zen-observable\lib\Observable.js:215:34)
    at ObservableQuery.subscribe (C:\Lanit\vega-sp\node_modules\zen-observable\lib\Observable.js:293:14)
    at QueryData.startQuerySubscription (C:\Lanit\vega-sp\node_modules\@apollo\client\react\data\data.cjs.js:627:55)
    at QueryData.getExecuteResult (C:\Lanit\vega-sp\node_modules\@apollo\client\react\data\QueryData.js:268:10)
    at QueryData.execute (C:\Lanit\vega-sp\node_modules\@apollo\client\react\data\QueryData.js:206:47)
    at C:\Lanit\vega-sp\node_modules\@apollo\client\react\hooks\useMutation.js:17:16
    at useDeepMemo (C:\Lanit\vega-sp\node_modules\@apollo\client\react\hooks\utils\useBaseQuery.js:17:1)
    at useBaseQuery (C:\Lanit\vega-sp\node_modules\@apollo\client\react\hooks\useMutation.js:16:1)
    at Object.useQuery (C:\Lanit\vega-sp\node_modules\@apollo\client\react\hooks\hooks.cjs.js:158:10)
    at useProjectsTableList (C:\Lanit\vega-sp\src\pages\projects\__generated__\projects.tsx:442:17)
    at Component (C:\Lanit\vega-sp\src\pages\projects\ProjectsPage.tsx:40:76)
    at renderWithHooks (C:\Lanit\vega-sp\node_modules\react-dom\cjs\react-dom.development.js:14803:18)
    at mountIndeterminateComponent (C:\Lanit\vega-sp\node_modules\react-dom\cjs\react-dom.development.js:17482:13)
    at beginWork (C:\Lanit\vega-sp\node_modules\react-dom\cjs\react-dom.development.js:18596:16)
    at beginWork$1 (C:\Lanit\vega-sp\node_modules\react-dom\cjs\react-dom.development.js:23179:14)
    at performUnitOfWork (C:\Lanit\vega-sp\node_modules\react-dom\cjs\react-dom.development.js:22157:12)
    at workLoopSync (C:\Lanit\vega-sp\node_modules\react-dom\cjs\react-dom.development.js:22130:22)
    at performSyncWorkOnRoot (C:\Lanit\vega-sp\node_modules\react-dom\cjs\react-dom.development.js:21756:9)
    at scheduleWork (C:\Lanit\vega-sp\node_modules\react-dom\cjs\react-dom.development.js:21188:7)
    at updateContainer (C:\Lanit\vega-sp\node_modules\react-dom\cjs\react-dom.development.js:24373:3)
    at fn (C:\Lanit\vega-sp\node_modules\react-dom\cjs\react-dom.development.js:24758:7)
    at unbatchedUpdates (C:\Lanit\vega-sp\node_modules\react-dom\cjs\react-dom.development.js:21903:12)
    at legacyRenderSubtreeIntoContainer (C:\Lanit\vega-sp\node_modules\react-dom\cjs\react-dom.development.js:24757:5)
    at Object.render (C:\Lanit\vega-sp\node_modules\react-dom\cjs\react-dom.development.js:24840:10)
    at fn (C:\Lanit\vega-sp\node_modules\@testing-library\react\dist\pure.js:100:25)
    at batchedUpdates (C:\Lanit\vega-sp\node_modules\react-dom\cjs\react-dom.development.js:21856:12)
    at act (C:\Lanit\vega-sp\node_modules\react-dom\cjs\react-dom-test-utils.development.js:929:14)
    at render (C:\Lanit\vega-sp\node_modules\@testing-library\react\dist\pure.js:96:3)
    at render (C:\Lanit\vega-sp\src\testing\react-testing-library.tsx:94:8)
    at call (C:\Lanit\vega-sp\src\pages\projects\ProjectsPage.test.tsx:30:11)
    at tryCatch (C:\Lanit\vega-sp\node_modules\regenerator-runtime\runtime.js:63:40)
    at Generator._invoke (C:\Lanit\vega-sp\node_modules\regenerator-runtime\runtime.js:293:22)
    at Generator.next (C:\Lanit\vega-sp\node_modules\regenerator-runtime\runtime.js:118:21)
    at asyncGeneratorStep (C:\Lanit\vega-sp\node_modules\@babel\runtime\helpers\asyncToGenerator.js:3:16)
    at _next (C:\Lanit\vega-sp\node_modules\@babel\runtime\helpers\asyncToGenerator.js:25:9)
    at C:\Lanit\vega-sp\node_modules\@babel\runtime\helpers\asyncToGenerator.js:32:7
    at new Promise (&lt;anonymous&gt;)
    at Object.&lt;anonymous&gt; (C:\Lanit\vega-sp\node_modules\@babel\runtime\helpers\asyncToGenerator.js:21:12)
    at Object.asyncJestTest (C:\Lanit\vega-sp\node_modules\jest-jasmine2\build\jasmineAsyncInstall.js:100:37)
    at C:\Lanit\vega-sp\node_modules\jest-jasmine2\build\queueRunner.js:47:12
    at new Promise (&lt;anonymous&gt;)
    at mapper (C:\Lanit\vega-sp\node_modules\jest-jasmine2\build\queueRunner.js:30:19)
    at C:\Lanit\vega-sp\node_modules\jest-jasmine2\build\queueRunner.js:77:41
    at processTicksAndRejections (internal/process/task_queues.js:97:5)</failure>
    </testcase>
    <testcase classname="ProjectsPage модальное окно закрывается" name="ProjectsPage модальное окно закрывается" time="0.06">
      <failure>TypeError: Only absolute URLs are supported
    at getNodeRequestOptions (C:\Lanit\vega-sp\node_modules\node-fetch\lib\index.js:1505:11)
    at C:\Lanit\vega-sp\node_modules\node-fetch\lib\index.js:1610:19
    at new Promise (&lt;anonymous&gt;)
    at fetch (C:\Lanit\vega-sp\node_modules\node-fetch\lib\index.js:1607:10)
    at fetch (C:\Lanit\vega-sp\node_modules\cross-fetch\dist\node-ponyfill.js:14:20)
    at create (C:\Lanit\vega-sp\src\pages\projects\ProjectsPageView.tsx:71:5)
    at commitHookEffectListMount (C:\Lanit\vega-sp\node_modules\react-dom\cjs\react-dom.development.js:19731:26)
    at apply (C:\Lanit\vega-sp\node_modules\react-dom\cjs\react-dom.development.js:19769:11)
    at HTMLUnknownElement.callCallback (C:\Lanit\vega-sp\node_modules\react-dom\cjs\react-dom.development.js:188:14)
    at innerInvokeEventListeners (C:\Lanit\vega-sp\node_modules\jsdom\lib\jsdom\living\events\EventTarget-impl.js:330:27)
    at invokeEventListeners (C:\Lanit\vega-sp\node_modules\jsdom\lib\jsdom\living\events\EventTarget-impl.js:281:3)
    at HTMLUnknownElementImpl._dispatch (C:\Lanit\vega-sp\node_modules\jsdom\lib\jsdom\living\events\EventTarget-impl.js:228:9)
    at HTMLUnknownElementImpl.dispatchEvent (C:\Lanit\vega-sp\node_modules\jsdom\lib\jsdom\living\events\EventTarget-impl.js:101:17)
    at HTMLUnknownElement.dispatchEvent (C:\Lanit\vega-sp\node_modules\jsdom\lib\jsdom\living\generated\EventTarget.js:207:34)
    at Object.apply (C:\Lanit\vega-sp\node_modules\react-dom\cjs\react-dom.development.js:237:16)
    at invokeGuardedCallback (C:\Lanit\vega-sp\node_modules\react-dom\cjs\react-dom.development.js:292:31)
    at flushPassiveEffectsImpl (C:\Lanit\vega-sp\node_modules\react-dom\cjs\react-dom.development.js:22853:9)
    at Scheduler_runWithPriority (C:\Lanit\vega-sp\node_modules\scheduler\cjs\scheduler.development.js:663:16)
    at runWithPriority$1 (C:\Lanit\vega-sp\node_modules\react-dom\cjs\react-dom.development.js:11039:10)
    at flushPassiveEffects (C:\Lanit\vega-sp\node_modules\react-dom\cjs\react-dom.development.js:22820:12)
    at performSyncWorkOnRoot (C:\Lanit\vega-sp\node_modules\react-dom\cjs\react-dom.development.js:21737:3)
    at scheduleWork (C:\Lanit\vega-sp\node_modules\react-dom\cjs\react-dom.development.js:21188:7)
    at updateContainer (C:\Lanit\vega-sp\node_modules\react-dom\cjs\react-dom.development.js:24373:3)
    at fn (C:\Lanit\vega-sp\node_modules\react-dom\cjs\react-dom.development.js:24758:7)
    at unbatchedUpdates (C:\Lanit\vega-sp\node_modules\react-dom\cjs\react-dom.development.js:21903:12)
    at legacyRenderSubtreeIntoContainer (C:\Lanit\vega-sp\node_modules\react-dom\cjs\react-dom.development.js:24757:5)
    at Object.render (C:\Lanit\vega-sp\node_modules\react-dom\cjs\react-dom.development.js:24840:10)
    at fn (C:\Lanit\vega-sp\node_modules\@testing-library\react\dist\pure.js:100:25)
    at batchedUpdates (C:\Lanit\vega-sp\node_modules\react-dom\cjs\react-dom.development.js:21856:12)
    at act (C:\Lanit\vega-sp\node_modules\react-dom\cjs\react-dom-test-utils.development.js:929:14)
    at render (C:\Lanit\vega-sp\node_modules\@testing-library\react\dist\pure.js:96:3)
    at render (C:\Lanit\vega-sp\src\testing\react-testing-library.tsx:94:8)
    at call (C:\Lanit\vega-sp\src\pages\projects\ProjectsPage.test.tsx:153:11)
    at tryCatch (C:\Lanit\vega-sp\node_modules\regenerator-runtime\runtime.js:63:40)
    at Generator._invoke (C:\Lanit\vega-sp\node_modules\regenerator-runtime\runtime.js:293:22)
    at Generator.next (C:\Lanit\vega-sp\node_modules\regenerator-runtime\runtime.js:118:21)
    at asyncGeneratorStep (C:\Lanit\vega-sp\node_modules\@babel\runtime\helpers\asyncToGenerator.js:3:16)
    at _next (C:\Lanit\vega-sp\node_modules\@babel\runtime\helpers\asyncToGenerator.js:25:9)
    at C:\Lanit\vega-sp\node_modules\@babel\runtime\helpers\asyncToGenerator.js:32:7
    at new Promise (&lt;anonymous&gt;)
    at Object.&lt;anonymous&gt; (C:\Lanit\vega-sp\node_modules\@babel\runtime\helpers\asyncToGenerator.js:21:12)
    at Object.asyncJestTest (C:\Lanit\vega-sp\node_modules\jest-jasmine2\build\jasmineAsyncInstall.js:100:37)
    at C:\Lanit\vega-sp\node_modules\jest-jasmine2\build\queueRunner.js:47:12
    at new Promise (&lt;anonymous&gt;)
    at mapper (C:\Lanit\vega-sp\node_modules\jest-jasmine2\build\queueRunner.js:30:19)
    at C:\Lanit\vega-sp\node_modules\jest-jasmine2\build\queueRunner.js:77:41
    at processTicksAndRejections (internal/process/task_queues.js:97:5)
    at runNextTicks (internal/process/task_queues.js:66:3)
    at listOnTimeout (internal/timers.js:518:9)
    at processTimers (internal/timers.js:492:7)</failure>
    </testcase>
    <testcase classname="ProjectsPage происходит переход после клика на строку" name="ProjectsPage происходит переход после клика на строку" time="0.059">
      <failure>TypeError: Only absolute URLs are supported
    at getNodeRequestOptions (C:\Lanit\vega-sp\node_modules\node-fetch\lib\index.js:1505:11)
    at C:\Lanit\vega-sp\node_modules\node-fetch\lib\index.js:1610:19
    at new Promise (&lt;anonymous&gt;)
    at fetch (C:\Lanit\vega-sp\node_modules\node-fetch\lib\index.js:1607:10)
    at fetch (C:\Lanit\vega-sp\node_modules\cross-fetch\dist\node-ponyfill.js:14:20)
    at create (C:\Lanit\vega-sp\src\pages\projects\ProjectsPageView.tsx:71:5)
    at commitHookEffectListMount (C:\Lanit\vega-sp\node_modules\react-dom\cjs\react-dom.development.js:19731:26)
    at apply (C:\Lanit\vega-sp\node_modules\react-dom\cjs\react-dom.development.js:19769:11)
    at HTMLUnknownElement.callCallback (C:\Lanit\vega-sp\node_modules\react-dom\cjs\react-dom.development.js:188:14)
    at innerInvokeEventListeners (C:\Lanit\vega-sp\node_modules\jsdom\lib\jsdom\living\events\EventTarget-impl.js:330:27)
    at invokeEventListeners (C:\Lanit\vega-sp\node_modules\jsdom\lib\jsdom\living\events\EventTarget-impl.js:281:3)
    at HTMLUnknownElementImpl._dispatch (C:\Lanit\vega-sp\node_modules\jsdom\lib\jsdom\living\events\EventTarget-impl.js:228:9)
    at HTMLUnknownElementImpl.dispatchEvent (C:\Lanit\vega-sp\node_modules\jsdom\lib\jsdom\living\events\EventTarget-impl.js:101:17)
    at HTMLUnknownElement.dispatchEvent (C:\Lanit\vega-sp\node_modules\jsdom\lib\jsdom\living\generated\EventTarget.js:207:34)
    at Object.apply (C:\Lanit\vega-sp\node_modules\react-dom\cjs\react-dom.development.js:237:16)
    at invokeGuardedCallback (C:\Lanit\vega-sp\node_modules\react-dom\cjs\react-dom.development.js:292:31)
    at flushPassiveEffectsImpl (C:\Lanit\vega-sp\node_modules\react-dom\cjs\react-dom.development.js:22853:9)
    at Scheduler_runWithPriority (C:\Lanit\vega-sp\node_modules\scheduler\cjs\scheduler.development.js:663:16)
    at runWithPriority$1 (C:\Lanit\vega-sp\node_modules\react-dom\cjs\react-dom.development.js:11039:10)
    at flushPassiveEffects (C:\Lanit\vega-sp\node_modules\react-dom\cjs\react-dom.development.js:22820:12)
    at performSyncWorkOnRoot (C:\Lanit\vega-sp\node_modules\react-dom\cjs\react-dom.development.js:21737:3)
    at scheduleWork (C:\Lanit\vega-sp\node_modules\react-dom\cjs\react-dom.development.js:21188:7)
    at updateContainer (C:\Lanit\vega-sp\node_modules\react-dom\cjs\react-dom.development.js:24373:3)
    at fn (C:\Lanit\vega-sp\node_modules\react-dom\cjs\react-dom.development.js:24758:7)
    at unbatchedUpdates (C:\Lanit\vega-sp\node_modules\react-dom\cjs\react-dom.development.js:21903:12)
    at legacyRenderSubtreeIntoContainer (C:\Lanit\vega-sp\node_modules\react-dom\cjs\react-dom.development.js:24757:5)
    at Object.render (C:\Lanit\vega-sp\node_modules\react-dom\cjs\react-dom.development.js:24840:10)
    at fn (C:\Lanit\vega-sp\node_modules\@testing-library\react\dist\pure.js:100:25)
    at batchedUpdates (C:\Lanit\vega-sp\node_modules\react-dom\cjs\react-dom.development.js:21856:12)
    at act (C:\Lanit\vega-sp\node_modules\react-dom\cjs\react-dom-test-utils.development.js:929:14)
    at render (C:\Lanit\vega-sp\node_modules\@testing-library\react\dist\pure.js:96:3)
    at render (C:\Lanit\vega-sp\src\testing\react-testing-library.tsx:94:8)
    at call (C:\Lanit\vega-sp\src\pages\projects\ProjectsPage.test.tsx:172:27)
    at tryCatch (C:\Lanit\vega-sp\node_modules\regenerator-runtime\runtime.js:63:40)
    at Generator._invoke (C:\Lanit\vega-sp\node_modules\regenerator-runtime\runtime.js:293:22)
    at Generator.next (C:\Lanit\vega-sp\node_modules\regenerator-runtime\runtime.js:118:21)
    at asyncGeneratorStep (C:\Lanit\vega-sp\node_modules\@babel\runtime\helpers\asyncToGenerator.js:3:16)
    at _next (C:\Lanit\vega-sp\node_modules\@babel\runtime\helpers\asyncToGenerator.js:25:9)
    at C:\Lanit\vega-sp\node_modules\@babel\runtime\helpers\asyncToGenerator.js:32:7
    at new Promise (&lt;anonymous&gt;)
    at Object.&lt;anonymous&gt; (C:\Lanit\vega-sp\node_modules\@babel\runtime\helpers\asyncToGenerator.js:21:12)
    at Object.asyncJestTest (C:\Lanit\vega-sp\node_modules\jest-jasmine2\build\jasmineAsyncInstall.js:100:37)
    at C:\Lanit\vega-sp\node_modules\jest-jasmine2\build\queueRunner.js:47:12
    at new Promise (&lt;anonymous&gt;)
    at mapper (C:\Lanit\vega-sp\node_modules\jest-jasmine2\build\queueRunner.js:30:19)
    at C:\Lanit\vega-sp\node_modules\jest-jasmine2\build\queueRunner.js:77:41
    at processTicksAndRejections (internal/process/task_queues.js:97:5)
    at runNextTicks (internal/process/task_queues.js:66:3)
    at listOnTimeout (internal/timers.js:518:9)
    at processTimers (internal/timers.js:492:7)</failure>
    </testcase>
    <testcase classname="ProjectsPage происходит переход на страницу редактирования" name="ProjectsPage происходит переход на страницу редактирования" time="0.057">
      <failure>TypeError: Only absolute URLs are supported
    at getNodeRequestOptions (C:\Lanit\vega-sp\node_modules\node-fetch\lib\index.js:1505:11)
    at C:\Lanit\vega-sp\node_modules\node-fetch\lib\index.js:1610:19
    at new Promise (&lt;anonymous&gt;)
    at fetch (C:\Lanit\vega-sp\node_modules\node-fetch\lib\index.js:1607:10)
    at fetch (C:\Lanit\vega-sp\node_modules\cross-fetch\dist\node-ponyfill.js:14:20)
    at create (C:\Lanit\vega-sp\src\pages\projects\ProjectsPageView.tsx:71:5)
    at commitHookEffectListMount (C:\Lanit\vega-sp\node_modules\react-dom\cjs\react-dom.development.js:19731:26)
    at apply (C:\Lanit\vega-sp\node_modules\react-dom\cjs\react-dom.development.js:19769:11)
    at HTMLUnknownElement.callCallback (C:\Lanit\vega-sp\node_modules\react-dom\cjs\react-dom.development.js:188:14)
    at innerInvokeEventListeners (C:\Lanit\vega-sp\node_modules\jsdom\lib\jsdom\living\events\EventTarget-impl.js:330:27)
    at invokeEventListeners (C:\Lanit\vega-sp\node_modules\jsdom\lib\jsdom\living\events\EventTarget-impl.js:281:3)
    at HTMLUnknownElementImpl._dispatch (C:\Lanit\vega-sp\node_modules\jsdom\lib\jsdom\living\events\EventTarget-impl.js:228:9)
    at HTMLUnknownElementImpl.dispatchEvent (C:\Lanit\vega-sp\node_modules\jsdom\lib\jsdom\living\events\EventTarget-impl.js:101:17)
    at HTMLUnknownElement.dispatchEvent (C:\Lanit\vega-sp\node_modules\jsdom\lib\jsdom\living\generated\EventTarget.js:207:34)
    at Object.apply (C:\Lanit\vega-sp\node_modules\react-dom\cjs\react-dom.development.js:237:16)
    at invokeGuardedCallback (C:\Lanit\vega-sp\node_modules\react-dom\cjs\react-dom.development.js:292:31)
    at flushPassiveEffectsImpl (C:\Lanit\vega-sp\node_modules\react-dom\cjs\react-dom.development.js:22853:9)
    at Scheduler_runWithPriority (C:\Lanit\vega-sp\node_modules\scheduler\cjs\scheduler.development.js:663:16)
    at runWithPriority$1 (C:\Lanit\vega-sp\node_modules\react-dom\cjs\react-dom.development.js:11039:10)
    at flushPassiveEffects (C:\Lanit\vega-sp\node_modules\react-dom\cjs\react-dom.development.js:22820:12)
    at performSyncWorkOnRoot (C:\Lanit\vega-sp\node_modules\react-dom\cjs\react-dom.development.js:21737:3)
    at scheduleWork (C:\Lanit\vega-sp\node_modules\react-dom\cjs\react-dom.development.js:21188:7)
    at updateContainer (C:\Lanit\vega-sp\node_modules\react-dom\cjs\react-dom.development.js:24373:3)
    at fn (C:\Lanit\vega-sp\node_modules\react-dom\cjs\react-dom.development.js:24758:7)
    at unbatchedUpdates (C:\Lanit\vega-sp\node_modules\react-dom\cjs\react-dom.development.js:21903:12)
    at legacyRenderSubtreeIntoContainer (C:\Lanit\vega-sp\node_modules\react-dom\cjs\react-dom.development.js:24757:5)
    at Object.render (C:\Lanit\vega-sp\node_modules\react-dom\cjs\react-dom.development.js:24840:10)
    at fn (C:\Lanit\vega-sp\node_modules\@testing-library\react\dist\pure.js:100:25)
    at batchedUpdates (C:\Lanit\vega-sp\node_modules\react-dom\cjs\react-dom.development.js:21856:12)
    at act (C:\Lanit\vega-sp\node_modules\react-dom\cjs\react-dom-test-utils.development.js:929:14)
    at render (C:\Lanit\vega-sp\node_modules\@testing-library\react\dist\pure.js:96:3)
    at render (C:\Lanit\vega-sp\src\testing\react-testing-library.tsx:94:8)
    at call (C:\Lanit\vega-sp\src\pages\projects\ProjectsPage.test.tsx:190:27)
    at tryCatch (C:\Lanit\vega-sp\node_modules\regenerator-runtime\runtime.js:63:40)
    at Generator._invoke (C:\Lanit\vega-sp\node_modules\regenerator-runtime\runtime.js:293:22)
    at Generator.next (C:\Lanit\vega-sp\node_modules\regenerator-runtime\runtime.js:118:21)
    at asyncGeneratorStep (C:\Lanit\vega-sp\node_modules\@babel\runtime\helpers\asyncToGenerator.js:3:16)
    at _next (C:\Lanit\vega-sp\node_modules\@babel\runtime\helpers\asyncToGenerator.js:25:9)
    at C:\Lanit\vega-sp\node_modules\@babel\runtime\helpers\asyncToGenerator.js:32:7
    at new Promise (&lt;anonymous&gt;)
    at Object.&lt;anonymous&gt; (C:\Lanit\vega-sp\node_modules\@babel\runtime\helpers\asyncToGenerator.js:21:12)
    at Object.asyncJestTest (C:\Lanit\vega-sp\node_modules\jest-jasmine2\build\jasmineAsyncInstall.js:100:37)
    at C:\Lanit\vega-sp\node_modules\jest-jasmine2\build\queueRunner.js:47:12
    at new Promise (&lt;anonymous&gt;)
    at mapper (C:\Lanit\vega-sp\node_modules\jest-jasmine2\build\queueRunner.js:30:19)
    at C:\Lanit\vega-sp\node_modules\jest-jasmine2\build\queueRunner.js:77:41
    at processTicksAndRejections (internal/process/task_queues.js:97:5)
    at runNextTicks (internal/process/task_queues.js:66:3)
    at listOnTimeout (internal/timers.js:518:9)
    at processTimers (internal/timers.js:492:7)</failure>
    </testcase>
    <testcase classname="ProjectsPage происходит перезапрос данных при активации таба" name="ProjectsPage происходит перезапрос данных при активации таба" time="0">
      <skipped/>
    </testcase>
    <testcase classname="ProjectsPage пагинация загружает проекты" name="ProjectsPage пагинация загружает проекты" time="0.048">
      <failure>TypeError: Only absolute URLs are supported
    at getNodeRequestOptions (C:\Lanit\vega-sp\node_modules\node-fetch\lib\index.js:1505:11)
    at C:\Lanit\vega-sp\node_modules\node-fetch\lib\index.js:1610:19
    at new Promise (&lt;anonymous&gt;)
    at fetch (C:\Lanit\vega-sp\node_modules\node-fetch\lib\index.js:1607:10)
    at fetch (C:\Lanit\vega-sp\node_modules\cross-fetch\dist\node-ponyfill.js:14:20)
    at create (C:\Lanit\vega-sp\src\pages\projects\ProjectsPageView.tsx:71:5)
    at commitHookEffectListMount (C:\Lanit\vega-sp\node_modules\react-dom\cjs\react-dom.development.js:19731:26)
    at apply (C:\Lanit\vega-sp\node_modules\react-dom\cjs\react-dom.development.js:19769:11)
    at HTMLUnknownElement.callCallback (C:\Lanit\vega-sp\node_modules\react-dom\cjs\react-dom.development.js:188:14)
    at innerInvokeEventListeners (C:\Lanit\vega-sp\node_modules\jsdom\lib\jsdom\living\events\EventTarget-impl.js:330:27)
    at invokeEventListeners (C:\Lanit\vega-sp\node_modules\jsdom\lib\jsdom\living\events\EventTarget-impl.js:281:3)
    at HTMLUnknownElementImpl._dispatch (C:\Lanit\vega-sp\node_modules\jsdom\lib\jsdom\living\events\EventTarget-impl.js:228:9)
    at HTMLUnknownElementImpl.dispatchEvent (C:\Lanit\vega-sp\node_modules\jsdom\lib\jsdom\living\events\EventTarget-impl.js:101:17)
    at HTMLUnknownElement.dispatchEvent (C:\Lanit\vega-sp\node_modules\jsdom\lib\jsdom\living\generated\EventTarget.js:207:34)
    at Object.apply (C:\Lanit\vega-sp\node_modules\react-dom\cjs\react-dom.development.js:237:16)
    at invokeGuardedCallback (C:\Lanit\vega-sp\node_modules\react-dom\cjs\react-dom.development.js:292:31)
    at flushPassiveEffectsImpl (C:\Lanit\vega-sp\node_modules\react-dom\cjs\react-dom.development.js:22853:9)
    at Scheduler_runWithPriority (C:\Lanit\vega-sp\node_modules\scheduler\cjs\scheduler.development.js:663:16)
    at runWithPriority$1 (C:\Lanit\vega-sp\node_modules\react-dom\cjs\react-dom.development.js:11039:10)
    at flushPassiveEffects (C:\Lanit\vega-sp\node_modules\react-dom\cjs\react-dom.development.js:22820:12)
    at performSyncWorkOnRoot (C:\Lanit\vega-sp\node_modules\react-dom\cjs\react-dom.development.js:21737:3)
    at scheduleWork (C:\Lanit\vega-sp\node_modules\react-dom\cjs\react-dom.development.js:21188:7)
    at updateContainer (C:\Lanit\vega-sp\node_modules\react-dom\cjs\react-dom.development.js:24373:3)
    at fn (C:\Lanit\vega-sp\node_modules\react-dom\cjs\react-dom.development.js:24758:7)
    at unbatchedUpdates (C:\Lanit\vega-sp\node_modules\react-dom\cjs\react-dom.development.js:21903:12)
    at legacyRenderSubtreeIntoContainer (C:\Lanit\vega-sp\node_modules\react-dom\cjs\react-dom.development.js:24757:5)
    at Object.render (C:\Lanit\vega-sp\node_modules\react-dom\cjs\react-dom.development.js:24840:10)
    at fn (C:\Lanit\vega-sp\node_modules\@testing-library\react\dist\pure.js:100:25)
    at batchedUpdates (C:\Lanit\vega-sp\node_modules\react-dom\cjs\react-dom.development.js:21856:12)
    at act (C:\Lanit\vega-sp\node_modules\react-dom\cjs\react-dom-test-utils.development.js:929:14)
    at render (C:\Lanit\vega-sp\node_modules\@testing-library\react\dist\pure.js:96:3)
    at render (C:\Lanit\vega-sp\src\testing\react-testing-library.tsx:94:8)
    at call (C:\Lanit\vega-sp\src\pages\projects\ProjectsPage.test.tsx:246:13)
    at tryCatch (C:\Lanit\vega-sp\node_modules\regenerator-runtime\runtime.js:63:40)
    at Generator._invoke (C:\Lanit\vega-sp\node_modules\regenerator-runtime\runtime.js:293:22)
    at Generator.next (C:\Lanit\vega-sp\node_modules\regenerator-runtime\runtime.js:118:21)
    at asyncGeneratorStep (C:\Lanit\vega-sp\node_modules\@babel\runtime\helpers\asyncToGenerator.js:3:16)
    at _next (C:\Lanit\vega-sp\node_modules\@babel\runtime\helpers\asyncToGenerator.js:25:9)
    at C:\Lanit\vega-sp\node_modules\@babel\runtime\helpers\asyncToGenerator.js:32:7
    at new Promise (&lt;anonymous&gt;)
    at Object.&lt;anonymous&gt; (C:\Lanit\vega-sp\node_modules\@babel\runtime\helpers\asyncToGenerator.js:21:12)
    at Object.asyncJestTest (C:\Lanit\vega-sp\node_modules\jest-jasmine2\build\jasmineAsyncInstall.js:100:37)
    at C:\Lanit\vega-sp\node_modules\jest-jasmine2\build\queueRunner.js:47:12
    at new Promise (&lt;anonymous&gt;)
    at mapper (C:\Lanit\vega-sp\node_modules\jest-jasmine2\build\queueRunner.js:30:19)
    at C:\Lanit\vega-sp\node_modules\jest-jasmine2\build\queueRunner.js:77:41
    at processTicksAndRejections (internal/process/task_queues.js:97:5)
    at runNextTicks (internal/process/task_queues.js:66:3)
    at listOnTimeout (internal/timers.js:518:9)
    at processTimers (internal/timers.js:492:7)</failure>
    </testcase>
  </testsuite>
  <testsuite name="EditProjectPage" errors="0" failures="0" skipped="0" timestamp="2021-06-05T06:17:27" time="135.9" tests="5">
    <testcase classname="EditProjectPage рендерит без ошибок" name="EditProjectPage рендерит без ошибок" time="0.236">
    </testcase>
    <testcase classname="EditProjectPage инициализирует значения в форме на начальные после сброса" name="EditProjectPage инициализирует значения в форме на начальные после сброса" time="1.93">
    </testcase>
    <testcase classname="EditProjectPage выводит сообщение об успешном обновлении" name="EditProjectPage выводит сообщение об успешном обновлении" time="1.742">
    </testcase>
    <testcase classname="EditProjectPage показывает ошибки валидации с сервера" name="EditProjectPage показывает ошибки валидации с сервера" time="1.272">
    </testcase>
    <testcase classname="EditProjectPage Footer переключает состояние при изменениях в форме" name="EditProjectPage Footer переключает состояние при изменениях в форме" time="1.356">
    </testcase>
    <testcase classname="EditProjectPage Footer скрывается, если в год указать кастомное значение" name="EditProjectPage Footer скрывается, если в год указать кастомное значение" time="0">
    </testcase>
  </testsuite>
  <testsuite name="CreateProjectPage" errors="0" failures="1" skipped="1" timestamp="2021-06-05T06:17:27" time="137.625" tests="9">
    <testcase classname="CreateProjectPage показывает loader при запросах" name="CreateProjectPage показывает loader при запросах" time="1.939">
    </testcase>
    <testcase classname="CreateProjectPage успешное создание проекта вызывает нотификацию" name="CreateProjectPage успешное создание проекта вызывает нотификацию" time="2.085">
      <failure>Error: expect(jest.fn()).toBeCalledWith(...expected)

Expected: ObjectContaining {&quot;body&quot;: &quot;Проект успешно создан&quot;}

Number of calls: 0
    at call (C:\Lanit\vega-sp\src\pages\project\CreateProjectPage.test.tsx:238:19)
    at tryCatch (C:\Lanit\vega-sp\node_modules\regenerator-runtime\runtime.js:63:40)
    at Generator._invoke (C:\Lanit\vega-sp\node_modules\regenerator-runtime\runtime.js:293:22)
    at Generator.next (C:\Lanit\vega-sp\node_modules\regenerator-runtime\runtime.js:118:21)
    at asyncGeneratorStep (C:\Lanit\vega-sp\node_modules\@babel\runtime\helpers\asyncToGenerator.js:3:16)
    at _next (C:\Lanit\vega-sp\node_modules\@babel\runtime\helpers\asyncToGenerator.js:25:9)</failure>
    </testcase>
    <testcase classname="CreateProjectPage успешное создание проекта редиректит на страницу проекта" name="CreateProjectPage успешное создание проекта редиректит на страницу проекта" time="1.334">
    </testcase>
    <testcase classname="CreateProjectPage создание бланка проекта с ошибкой вызывает нотификацию" name="CreateProjectPage создание бланка проекта с ошибкой вызывает нотификацию" time="0.144">
    </testcase>
    <testcase classname="CreateProjectPage показывает ошибку валидации с сервера при обновлении проекта" name="CreateProjectPage показывает ошибку валидации с сервера при обновлении проекта" time="1.159">
    </testcase>
    <testcase classname="CreateProjectPage отмена проекта показывает модалку при отмене проекта" name="CreateProjectPage отмена проекта показывает модалку при отмене проекта" time="0.375">
    </testcase>
    <testcase classname="CreateProjectPage отмена проекта редиректит при подтверждении" name="CreateProjectPage отмена проекта редиректит при подтверждении" time="0.462">
    </testcase>
    <testcase classname="CreateProjectPage отмена проекта вызывает событие удаление проекта по шине" name="CreateProjectPage отмена проекта вызывает событие удаление проекта по шине" time="0.351">
    </testcase>
    <testcase classname="CreateProjectPage принимает событие удаления проекта по шине" name="CreateProjectPage принимает событие удаления проекта по шине" time="0">
    </testcase>
    <testcase classname="CreateProjectPage показывает уведомление об ошибки в apollo" name="CreateProjectPage показывает уведомление об ошибки в apollo" time="0">
    </testcase>
    <testcase classname="CreateProjectPage происходит пуллинг новых данные каждые 30 сек" name="CreateProjectPage происходит пуллинг новых данные каждые 30 сек" time="0">
      <skipped/>
    </testcase>
  </testsuite>
  <testsuite name="ProjectForm" errors="0" failures="0" skipped="1" timestamp="2021-06-05T06:17:27" time="145.517" tests="16">
    <testcase classname="ProjectForm рендерит без ошибок" name="ProjectForm рендерит без ошибок" time="0.642">
    </testcase>
    <testcase classname="ProjectForm вызывает onSubmit" name="ProjectForm вызывает onSubmit" time="1.642">
    </testcase>
    <testcase classname="ProjectForm вызывает onCancel" name="ProjectForm вызывает onCancel" time="1.241">
    </testcase>
    <testcase classname="ProjectForm происходит смена статус на Blank, если статус был Unpublished" name="ProjectForm происходит смена статус на Blank, если статус был Unpublished" time="0.001">
      <skipped/>
    </testcase>
    <testcase classname="ProjectForm происходит смена шага" name="ProjectForm происходит смена шага" time="0">
    </testcase>
    <testcase classname="ProjectForm автосохранение происходит автосохрание на форме создания проекта" name="ProjectForm автосохранение происходит автосохрание на форме создания проекта" time="0.53">
    </testcase>
    <testcase classname="ProjectForm автосохранение не происходит автосохранение на форме редактирования проекта" name="ProjectForm автосохранение не происходит автосохранение на форме редактирования проекта" time="0.427">
    </testcase>
    <testcase classname="ProjectForm автосохранение срабатывает повторное автосохранение" name="ProjectForm автосохранение срабатывает повторное автосохранение" time="0.554">
    </testcase>
    <testcase classname="ProjectForm автосохранение не происходит автосохранение, если форма невалидна" name="ProjectForm автосохранение не происходит автосохранение, если форма невалидна" time="0.151">
    </testcase>
    <testcase classname="ProjectForm автосохранение при очищении региона происходит автосохранение" name="ProjectForm автосохранение при очищении региона происходит автосохранение" time="0.187">
    </testcase>
    <testcase classname="ProjectForm регион выставляет значение списка регионов по умолчанию" name="ProjectForm регион выставляет значение списка регионов по умолчанию" time="0.293">
    </testcase>
    <testcase classname="ProjectForm регион очищает поле при редактировании" name="ProjectForm регион очищает поле при редактировании" time="0.146">
    </testcase>
    <testcase classname="ProjectForm скрывает футер для редактирования проекта, если в форме нет изменений" name="ProjectForm скрывает футер для редактирования проекта, если в форме нет изменений" time="0">
    </testcase>
    <testcase classname="ProjectForm валидация полей название проекта показывает ошибку обязательного поля" name="ProjectForm валидация полей название проекта показывает ошибку обязательного поля" time="0.222">
    </testcase>
    <testcase classname="ProjectForm валидация полей название проекта показывает ошибку если символов больше 256" name="ProjectForm валидация полей название проекта показывает ошибку если символов больше 256" time="9.501">
    </testcase>
    <testcase classname="ProjectForm валидация полей название проекта показывает ошибку если символов меньше 2" name="ProjectForm валидация полей название проекта показывает ошибку если символов меньше 2" time="0.25">
    </testcase>
    <testcase classname="ProjectForm валидация полей система координат показывает ошибку, если символов больше 2000" name="ProjectForm валидация полей система координат показывает ошибку, если символов больше 2000" time="0.177">
    </testcase>
    <testcase classname="ProjectForm валидация полей описание проекта показывает ошибку если более 2000 символов" name="ProjectForm валидация полей описание проекта показывает ошибку если более 2000 символов" time="0.179">
    </testcase>
  </testsuite>
  <testsuite name="AppProvider" errors="0" failures="0" skipped="0" timestamp="2021-06-05T06:19:36" time="36.888" tests="4">
    <testcase classname="AppProvider useApp выкидывает исключение, если хук вызван вне провайдера" name="AppProvider useApp выкидывает исключение, если хук вызван вне провайдера" time="1.225">
    </testcase>
    <testcase classname="AppProvider useCurrentProjectParams возвращает текущий проект" name="AppProvider useCurrentProjectParams возвращает текущий проект" time="0.024">
    </testcase>
    <testcase classname="AppProvider useCurrentProjectParams данные проекта обновляются" name="AppProvider useCurrentProjectParams данные проекта обновляются" time="0.011">
    </testcase>
    <testcase classname="AppProvider useCurrentProjectParams выкидывает исключение, если хук вызван без активного проекта" name="AppProvider useCurrentProjectParams выкидывает исключение, если хук вызван без активного проекта" time="0.008">
    </testcase>
  </testsuite>
  <testsuite name="getPluralForm" errors="0" failures="0" skipped="0" timestamp="2021-06-05T06:20:47" time="2.145" tests="14">
    <testcase classname="getPluralForm параматры по умолчанию первая форма" name="getPluralForm параматры по умолчанию первая форма" time="0.003">
    </testcase>
    <testcase classname="getPluralForm параматры по умолчанию вторая форма" name="getPluralForm параматры по умолчанию вторая форма" time="0.001">
    </testcase>
    <testcase classname="getPluralForm параматры по умолчанию третья форма" name="getPluralForm параматры по умолчанию третья форма" time="0.001">
    </testcase>
    <testcase classname="getPluralForm параматры по умолчанию дробное значение, меньше 5" name="getPluralForm параматры по умолчанию дробное значение, меньше 5" time="0.001">
    </testcase>
    <testcase classname="getPluralForm параматры по умолчанию дробное значение, больше 5" name="getPluralForm параматры по умолчанию дробное значение, больше 5" time="0.001">
    </testcase>
    <testcase classname="getPluralForm параматры по умолчанию ноль" name="getPluralForm параматры по умолчанию ноль" time="0.001">
    </testcase>
    <testcase classname="getPluralForm параматры по умолчанию отрицательное значение" name="getPluralForm параматры по умолчанию отрицательное значение" time="0.001">
    </testcase>
    <testcase classname="getPluralForm параматры по умолчанию числовое значение не передано" name="getPluralForm параматры по умолчанию числовое значение не передано" time="0.001">
    </testcase>
    <testcase classname="getPluralForm параметры includeNumber и delimiter includeNumber = false и delimiter = undefined" name="getPluralForm параметры includeNumber и delimiter includeNumber = false и delimiter = undefined" time="0.001">
    </testcase>
    <testcase classname="getPluralForm параметры includeNumber и delimiter includeNumber = false и delimiter = &quot;-&quot;" name="getPluralForm параметры includeNumber и delimiter includeNumber = false и delimiter = &quot;-&quot;" time="0.001">
    </testcase>
    <testcase classname="getPluralForm параметры includeNumber и delimiter includeNumber = true и delimiter = undefined" name="getPluralForm параметры includeNumber и delimiter includeNumber = true и delimiter = undefined" time="0.001">
    </testcase>
    <testcase classname="getPluralForm параметры includeNumber и delimiter includeNumber = true и delimiter = &quot;-&quot;" name="getPluralForm параметры includeNumber и delimiter includeNumber = true и delimiter = &quot;-&quot;" time="0">
    </testcase>
    <testcase classname="getPluralForm параметр discardFractionalPart discardFractionalPart = true" name="getPluralForm параметр discardFractionalPart discardFractionalPart = true" time="0.001">
    </testcase>
    <testcase classname="getPluralForm параметр discardFractionalPart discardFractionalPart = false" name="getPluralForm параметр discardFractionalPart discardFractionalPart = false" time="0.001">
    </testcase>
  </testsuite>
  <testsuite name="PageLayout" errors="0" failures="0" skipped="0" timestamp="2021-06-05T06:20:47" time="2.099" tests="2">
    <testcase classname="PageLayout рендерится без ошибок" name="PageLayout рендерится без ошибок" time="0.029">
    </testcase>
    <testcase classname="PageLayout рендерится содержимое body" name="PageLayout рендерится содержимое body" time="0.019">
    </testcase>
  </testsuite>
  <testsuite name="hasNestedInteractiveTarget" errors="0" failures="0" skipped="0" timestamp="2021-06-05T06:20:47" time="2.243" tests="4">
    <testcase classname="hasNestedInteractiveTarget возвращает true если клик был по кнопке" name="hasNestedInteractiveTarget возвращает true если клик был по кнопке" time="0.069">
    </testcase>
    <testcase classname="hasNestedInteractiveTarget возвращает false если клик был по div" name="hasNestedInteractiveTarget возвращает false если клик был по div" time="0.014">
    </testcase>
    <testcase classname="hasNestedInteractiveTarget возвращает false если клик был по header" name="hasNestedInteractiveTarget возвращает false если клик был по header" time="0.013">
    </testcase>
    <testcase classname="hasNestedInteractiveTarget возвращает true если клик был по input" name="hasNestedInteractiveTarget возвращает true если клик был по input" time="0.017">
    </testcase>
  </testsuite>
</testsuites>